Archive member included to satisfy reference by file (symbol)

c:/program files (x86)/atmel/studio/7.0/toolchain/avr8/avr8-gnu-toolchain/bin/../lib/gcc/avr/5.4.0/avr51\libgcc.a(_divmodhi4.o)
                              dac.o (__divmodhi4)
c:/program files (x86)/atmel/studio/7.0/toolchain/avr8/avr8-gnu-toolchain/bin/../lib/gcc/avr/5.4.0/avr51\libgcc.a(_udivmodsi4.o)
                              handle_can.o (__udivmodsi4)
c:/program files (x86)/atmel/studio/7.0/toolchain/avr8/avr8-gnu-toolchain/bin/../lib/gcc/avr/5.4.0/avr51\libgcc.a(_divmodsi4.o)
                              i2c.o (__divmodsi4)
c:/program files (x86)/atmel/studio/7.0/toolchain/avr8/avr8-gnu-toolchain/bin/../lib/gcc/avr/5.4.0/avr51\libgcc.a(_negsi2.o)
                              c:/program files (x86)/atmel/studio/7.0/toolchain/avr8/avr8-gnu-toolchain/bin/../lib/gcc/avr/5.4.0/avr51\libgcc.a(_divmodsi4.o) (__negsi2)
c:/program files (x86)/atmel/studio/7.0/toolchain/avr8/avr8-gnu-toolchain/bin/../lib/gcc/avr/5.4.0/avr51\libgcc.a(_exit.o)
                              C:/Program Files (x86)/Atmel/Studio/7.0/Packs/atmel/ATmega_DFP/1.3.300/gcc/dev/at90can128/avr51/crtat90can128.o (exit)
c:/program files (x86)/atmel/studio/7.0/toolchain/avr8/avr8-gnu-toolchain/bin/../lib/gcc/avr/5.4.0/avr51\libgcc.a(_copy_data.o)
                              dac.o (__do_copy_data)
c:/program files (x86)/atmel/studio/7.0/toolchain/avr8/avr8-gnu-toolchain/bin/../lib/gcc/avr/5.4.0/avr51\libgcc.a(_clear_bss.o)
                              encoder.o (__do_clear_bss)
c:/program files (x86)/atmel/studio/7.0/toolchain/avr8/avr8-gnu-toolchain/bin/../lib/gcc/avr/5.4.0/avr51\libgcc.a(_umulhisi3.o)
                              dac.o (__umulhisi3)
c:/program files (x86)/atmel/studio/7.0/toolchain/avr8/avr8-gnu-toolchain/bin/../lib/gcc/avr/5.4.0/avr51\libgcc.a(_muluhisi3.o)
                              timers.o (__muluhisi3)
c:/program files (x86)/atmel/studio/7.0/toolchain/avr8/avr8-gnu-toolchain/bin/../lib/gcc/avr/5.4.0/avr51\libgcc.a(_udivmodhi4.o)
                              c:/program files (x86)/atmel/studio/7.0/toolchain/avr8/avr8-gnu-toolchain/bin/../lib/gcc/avr/5.4.0/avr51\libgcc.a(_divmodhi4.o) (__udivmodhi4)
c:/program files (x86)/atmel/studio/7.0/toolchain/avr8/avr8-gnu-toolchain/bin/../lib/gcc/avr/5.4.0/../../../../avr/lib/avr51\libc.a(rand.o)
                              dac.o (rand)
c:/program files (x86)/atmel/studio/7.0/toolchain/avr8/avr8-gnu-toolchain/bin/../lib/gcc/avr/5.4.0/../../../../avr/lib/avr51\libc.a(memcpy.o)
                              usart.o (memcpy)
c:/program files (x86)/atmel/studio/7.0/toolchain/avr8/avr8-gnu-toolchain/bin/../lib/gcc/avr/5.4.0/../../../../avr/lib/avr51\libc.a(memmove.o)
                              usart.o (memmove)
c:/program files (x86)/atmel/studio/7.0/toolchain/avr8/avr8-gnu-toolchain/bin/../lib/gcc/avr/5.4.0/../../../../avr/lib/avr51\libc.a(itoa_ncheck.o)
                              usart.o (__itoa_ncheck)
c:/program files (x86)/atmel/studio/7.0/toolchain/avr8/avr8-gnu-toolchain/bin/../lib/gcc/avr/5.4.0/../../../../avr/lib/avr51\libc.a(utoa_ncheck.o)
                              c:/program files (x86)/atmel/studio/7.0/toolchain/avr8/avr8-gnu-toolchain/bin/../lib/gcc/avr/5.4.0/../../../../avr/lib/avr51\libc.a(itoa_ncheck.o) (__utoa_common)
c:/program files (x86)/atmel/studio/7.0/toolchain/avr8/avr8-gnu-toolchain/bin/../lib/gcc/avr/5.4.0/../../../../avr/lib/avr51\libc.a(strrev.o)
                              c:/program files (x86)/atmel/studio/7.0/toolchain/avr8/avr8-gnu-toolchain/bin/../lib/gcc/avr/5.4.0/../../../../avr/lib/avr51\libc.a(utoa_ncheck.o) (strrev)
C:/Program Files (x86)/Atmel/Studio/7.0/Packs/atmel/ATmega_DFP/1.3.300/gcc/dev/at90can128/avr51\libat90can128.a(eerd_byte.o)
                              main.o (eeprom_read_byte)
C:/Program Files (x86)/Atmel/Studio/7.0/Packs/atmel/ATmega_DFP/1.3.300/gcc/dev/at90can128/avr51\libat90can128.a(eewr_byte.o)
                              main.o (eeprom_write_byte)
c:/program files (x86)/atmel/studio/7.0/toolchain/avr8/avr8-gnu-toolchain/bin/../lib/gcc/avr/5.4.0/avr51\libgcc.a(_mulshisi3.o)
                              c:/program files (x86)/atmel/studio/7.0/toolchain/avr8/avr8-gnu-toolchain/bin/../lib/gcc/avr/5.4.0/../../../../avr/lib/avr51\libc.a(rand.o) (__mulohisi3)

Allocating common symbols
Common symbol       size              file

PID_due             0x1               timers.o
devSer              0x1               PortAT90CANxxx.o
rxed_mobs           0x2               PortAT90CANxxx.o
encoder0_ticks      0x4               encoder.o
usart_TX_buf        0x10              usart.o
txend               0x1               usart.o
msgs_av             0x1               PortAT90CANxxx.o
rxbp                0x1               usart.o
motor_powers        0x6               motor.o
usart_RX_buf        0x10              usart.o
TOF_Cnt             0x4               timers.o
txbp                0x1               usart.o
devGrp              0x1               PortAT90CANxxx.o
encoder1_ticks      0x4               encoder.o
LED_states          0x1               led.o
last_update         0xc               motor.o

Discarded input sections

 .data          0x00000000        0x0 C:/Program Files (x86)/Atmel/Studio/7.0/Packs/atmel/ATmega_DFP/1.3.300/gcc/dev/at90can128/avr51/crtat90can128.o
 .bss           0x00000000        0x0 C:/Program Files (x86)/Atmel/Studio/7.0/Packs/atmel/ATmega_DFP/1.3.300/gcc/dev/at90can128/avr51/crtat90can128.o
 .text          0x00000000        0x0 adc.o
 .data          0x00000000        0x0 adc.o
 .bss           0x00000000        0x0 adc.o
 .text.internalAREF
                0x00000000       0x24 adc.o
 .text.externalAREF
                0x00000000       0x28 adc.o
 .text          0x00000000        0x0 dac.o
 .data          0x00000000        0x0 dac.o
 .bss           0x00000000        0x0 dac.o
 .text          0x00000000        0x0 encoder.o
 .data          0x00000000        0x0 encoder.o
 .bss           0x00000000        0x0 encoder.o
 .text.set_encoder_ticks
                0x00000000       0x28 encoder.o
 .text          0x00000000        0x0 handle_can.o
 .data          0x00000000        0x0 handle_can.o
 .bss           0x00000000        0x0 handle_can.o
 .text          0x00000000        0x0 HindsightCAN/CANCommon.o
 .data          0x00000000        0x0 HindsightCAN/CANCommon.o
 .bss           0x00000000        0x0 HindsightCAN/CANCommon.o
 .text.AssembleEmergencyStopPacket
                0x00000000       0x30 HindsightCAN/CANCommon.o
 .text.AssembleGroupBroadcastingEmergencyStopPacket
                0x00000000        0xa HindsightCAN/CANCommon.o
 .text.AssembleBrodcastEmergencyStopPacket
                0x00000000        0xa HindsightCAN/CANCommon.o
 .text.GetEmergencyStopErrorCode
                0x00000000       0x1c HindsightCAN/CANCommon.o
 .text.GetHeartbeatTimeStamp
                0x00000000       0x3e HindsightCAN/CANCommon.o
 .text.GetTimeBetweenHeartbeatPacket
                0x00000000       0x40 HindsightCAN/CANCommon.o
 .text.GetHeartbeatLeniencyCode
                0x00000000       0x1c HindsightCAN/CANCommon.o
 .text.AssembleHeartbeatPacket
                0x00000000       0x80 HindsightCAN/CANCommon.o
 .text.AssembleFailReportPacket
                0x00000000       0x30 HindsightCAN/CANCommon.o
 .text.AssembleOverrideProtectionPacket
                0x00000000       0x24 HindsightCAN/CANCommon.o
 .text.AssembleChipTypePullPacket
                0x00000000       0x38 HindsightCAN/CANCommon.o
 .text.AssembleChipTypeReportPacket
                0x00000000       0x38 HindsightCAN/CANCommon.o
 .text.GetChipTypeFromPacket
                0x00000000        0x6 HindsightCAN/CANCommon.o
 .text.AssembleTelemetryTimingPacket
                0x00000000       0x60 HindsightCAN/CANCommon.o
 .text.AssembleTelemetryPullPacket
                0x00000000       0x30 HindsightCAN/CANCommon.o
 .text.DecodeTelemetryDataSigned
                0x00000000       0x10 HindsightCAN/CANCommon.o
 .text.GetTelemetryTimingFromPacket
                0x00000000        0x6 HindsightCAN/CANCommon.o
 .text.DecodeTelemetryDataUnsigned
                0x00000000        0x6 HindsightCAN/CANCommon.o
 .text.AssembleRGBColorPacket
                0x00000000       0x42 HindsightCAN/CANCommon.o
 .text          0x00000000        0x0 HindsightCAN/CANMotorUnit.o
 .data          0x00000000        0x0 HindsightCAN/CANMotorUnit.o
 .bss           0x00000000        0x0 HindsightCAN/CANMotorUnit.o
 .text.AssembleModeSetPacket
                0x00000000       0x30 HindsightCAN/CANMotorUnit.o
 .text.GetModeFromPacket
                0x00000000        0x6 HindsightCAN/CANMotorUnit.o
 .text.AssemblePWMDirSetPacket
                0x00000000       0x4a HindsightCAN/CANMotorUnit.o
 .text.GetPWMFromPacket
                0x00000000       0x10 HindsightCAN/CANMotorUnit.o
 .text.GetDirectionFromPacket
                0x00000000       0x12 HindsightCAN/CANMotorUnit.o
 .text.AssemblePIDTargetSetPacket
                0x00000000       0x4c HindsightCAN/CANMotorUnit.o
 .text.GetPIDTargetFromPacket
                0x00000000       0x12 HindsightCAN/CANMotorUnit.o
 .text.AssemblePSetPacket
                0x00000000       0x4c HindsightCAN/CANMotorUnit.o
 .text.GetPFromPacket
                0x00000000       0x10 HindsightCAN/CANMotorUnit.o
 .text.AssembleISetPacket
                0x00000000       0x4c HindsightCAN/CANMotorUnit.o
 .text.GetIFromPacket
                0x00000000       0x10 HindsightCAN/CANMotorUnit.o
 .text.AssembleDSetPacket
                0x00000000       0x4c HindsightCAN/CANMotorUnit.o
 .text.GetDFromPacket
                0x00000000       0x10 HindsightCAN/CANMotorUnit.o
 .text.AssembleInitializePacket
                0x00000000       0x30 HindsightCAN/CANMotorUnit.o
 .text.GetInitModeFromPacket
                0x00000000        0x6 HindsightCAN/CANMotorUnit.o
 .text.AssembleLimitSwitchAlertPacket
                0x00000000       0x30 HindsightCAN/CANMotorUnit.o
 .text.GetLimStatusFromPacket
                0x00000000        0x6 HindsightCAN/CANMotorUnit.o
 .text.AssembleEncoderPPJRSetPacket
                0x00000000       0x4c HindsightCAN/CANMotorUnit.o
 .text.GetEncoderPPJRFromPacket
                0x00000000       0x10 HindsightCAN/CANMotorUnit.o
 .text.AssembleMaxJointRevolutionPacket
                0x00000000       0x4c HindsightCAN/CANMotorUnit.o
 .text.GetMaxJointRevolutionsFromPacket
                0x00000000       0x10 HindsightCAN/CANMotorUnit.o
 .debug_info    0x00000000      0xbd7 HindsightCAN/CANMotorUnit.o
 .debug_abbrev  0x00000000      0x118 HindsightCAN/CANMotorUnit.o
 .debug_loc     0x00000000      0xea5 HindsightCAN/CANMotorUnit.o
 .debug_aranges
                0x00000000       0xc0 HindsightCAN/CANMotorUnit.o
 .debug_ranges  0x00000000       0xb0 HindsightCAN/CANMotorUnit.o
 .debug_line    0x00000000      0x3aa HindsightCAN/CANMotorUnit.o
 .debug_str     0x00000000      0x491 HindsightCAN/CANMotorUnit.o
 .comment       0x00000000       0x31 HindsightCAN/CANMotorUnit.o
 .debug_frame   0x00000000      0x2ac HindsightCAN/CANMotorUnit.o
 .text          0x00000000        0x0 HindsightCAN/CANPacket.o
 .data          0x00000000        0x0 HindsightCAN/CANPacket.o
 .bss           0x00000000        0x0 HindsightCAN/CANPacket.o
 .text.ConstructCANPacket
                0x00000000       0x68 HindsightCAN/CANPacket.o
 .text.WritePacketIDOnly
                0x00000000        0xa HindsightCAN/CANPacket.o
 .text.GetPacketPriority
                0x00000000        0xc HindsightCAN/CANPacket.o
 .text.GetDeviceSerialNumber
                0x00000000        0x8 HindsightCAN/CANPacket.o
 .text.GetDeviceGroupCode
                0x00000000       0x1c HindsightCAN/CANPacket.o
 .text.PacketIsInGroup
                0x00000000       0x28 HindsightCAN/CANPacket.o
 .text.SenderPacketIsInGroup
                0x00000000       0x14 HindsightCAN/CANPacket.o
 .text.SenderPacketIsOfDevice
                0x00000000       0x14 HindsightCAN/CANPacket.o
 .text.PacketIsOfID
                0x00000000       0x18 HindsightCAN/CANPacket.o
 .text.TargetsDevice
                0x00000000       0x42 HindsightCAN/CANPacket.o
 .text.PackShortIntoDataMSBFirst
                0x00000000        0xc HindsightCAN/CANPacket.o
 .text          0x00000000        0x0 HindsightCAN/CANScience.o
 .data          0x00000000        0x0 HindsightCAN/CANScience.o
 .bss           0x00000000        0x0 HindsightCAN/CANScience.o
 .text.AssembleScienceSensorPullPacket
                0x00000000        0x6 HindsightCAN/CANScience.o
 .text.AssembleScienceMotorControlPacket
                0x00000000       0x5c HindsightCAN/CANScience.o
 .text.AssembleScienceServoPacket
                0x00000000       0x32 HindsightCAN/CANScience.o
 .text          0x00000000        0x0 i2c.o
 .data          0x00000000        0x0 i2c.o
 .bss           0x00000000        0x0 i2c.o
 .text          0x00000000        0x0 led.o
 .data          0x00000000        0x0 led.o
 .bss           0x00000000        0x0 led.o
 .text          0x00000000        0x0 main.o
 .data          0x00000000        0x0 main.o
 .bss           0x00000000        0x0 main.o
 .text          0x00000000        0x0 motor.o
 .data          0x00000000        0x0 motor.o
 .bss           0x00000000        0x0 motor.o
 .text          0x00000000        0x0 PortAT90CANxxx.o
 .data          0x00000000        0x0 PortAT90CANxxx.o
 .bss           0x00000000        0x0 PortAT90CANxxx.o
 .text.getChipType
                0x00000000        0x4 PortAT90CANxxx.o
 .text          0x00000000        0x0 pwm.o
 .data          0x00000000        0x0 pwm.o
 .bss           0x00000000        0x0 pwm.o
 .text.disable_PWM
                0x00000000       0x48 pwm.o
 .text          0x00000000        0x0 servo.o
 .data          0x00000000        0x0 servo.o
 .bss           0x00000000        0x0 servo.o
 .text          0x00000000        0x0 spi.o
 .data          0x00000000        0x0 spi.o
 .bss           0x00000000        0x0 spi.o
 .text.SPI_init
                0x00000000       0x1e spi.o
 .text.SPI_write
                0x00000000        0xa spi.o
 .text.SPI_read
                0x00000000        0xa spi.o
 .text.SPI_rw   0x00000000        0xc spi.o
 .debug_info    0x00000000       0xfe spi.o
 .debug_abbrev  0x00000000       0xb2 spi.o
 .debug_loc     0x00000000       0x59 spi.o
 .debug_aranges
                0x00000000       0x38 spi.o
 .debug_ranges  0x00000000       0x28 spi.o
 .debug_line    0x00000000      0x136 spi.o
 .debug_str     0x00000000      0x17f spi.o
 .comment       0x00000000       0x31 spi.o
 .debug_frame   0x00000000       0x54 spi.o
 .text          0x00000000        0x0 timers.o
 .data          0x00000000        0x0 timers.o
 .bss           0x00000000        0x0 timers.o
 .text.get_uS   0x00000000       0x32 timers.o
 .text          0x00000000        0x0 usart.o
 .data          0x00000000        0x0 usart.o
 .bss           0x00000000        0x0 usart.o
 .text.usart_read
                0x00000000       0x90 usart.o
 .text.usart_end
                0x00000000        0x6 usart.o
 .text.usart_read_char
                0x00000000       0x1e usart.o
 .text.usart_available
                0x00000000        0x8 usart.o
 .text          0x00000000        0x0 util.o
 .data          0x00000000        0x0 util.o
 .bss           0x00000000        0x0 util.o
 .text.max      0x00000000       0x14 util.o
 .text.int_abs  0x00000000        0xc util.o
 .rodata.str1.1
                0x00000000        0x3 util.o
 .text.read_string
                0x00000000       0x7c util.o
 .text          0x00000000        0x0 uv.o
 .data          0x00000000        0x0 uv.o
 .bss           0x00000000        0x0 uv.o
 .text          0x00000000        0x0 c:/program files (x86)/atmel/studio/7.0/toolchain/avr8/avr8-gnu-toolchain/bin/../lib/gcc/avr/5.4.0/avr51\libgcc.a(_divmodhi4.o)
 .data          0x00000000        0x0 c:/program files (x86)/atmel/studio/7.0/toolchain/avr8/avr8-gnu-toolchain/bin/../lib/gcc/avr/5.4.0/avr51\libgcc.a(_divmodhi4.o)
 .bss           0x00000000        0x0 c:/program files (x86)/atmel/studio/7.0/toolchain/avr8/avr8-gnu-toolchain/bin/../lib/gcc/avr/5.4.0/avr51\libgcc.a(_divmodhi4.o)
 .text.libgcc.mul
                0x00000000        0x0 c:/program files (x86)/atmel/studio/7.0/toolchain/avr8/avr8-gnu-toolchain/bin/../lib/gcc/avr/5.4.0/avr51\libgcc.a(_divmodhi4.o)
 .text.libgcc   0x00000000        0x0 c:/program files (x86)/atmel/studio/7.0/toolchain/avr8/avr8-gnu-toolchain/bin/../lib/gcc/avr/5.4.0/avr51\libgcc.a(_divmodhi4.o)
 .text.libgcc.prologue
                0x00000000        0x0 c:/program files (x86)/atmel/studio/7.0/toolchain/avr8/avr8-gnu-toolchain/bin/../lib/gcc/avr/5.4.0/avr51\libgcc.a(_divmodhi4.o)
 .text.libgcc.builtins
                0x00000000        0x0 c:/program files (x86)/atmel/studio/7.0/toolchain/avr8/avr8-gnu-toolchain/bin/../lib/gcc/avr/5.4.0/avr51\libgcc.a(_divmodhi4.o)
 .text.libgcc.fmul
                0x00000000        0x0 c:/program files (x86)/atmel/studio/7.0/toolchain/avr8/avr8-gnu-toolchain/bin/../lib/gcc/avr/5.4.0/avr51\libgcc.a(_divmodhi4.o)
 .text.libgcc.fixed
                0x00000000        0x0 c:/program files (x86)/atmel/studio/7.0/toolchain/avr8/avr8-gnu-toolchain/bin/../lib/gcc/avr/5.4.0/avr51\libgcc.a(_divmodhi4.o)
 .text          0x00000000        0x0 c:/program files (x86)/atmel/studio/7.0/toolchain/avr8/avr8-gnu-toolchain/bin/../lib/gcc/avr/5.4.0/avr51\libgcc.a(_udivmodsi4.o)
 .data          0x00000000        0x0 c:/program files (x86)/atmel/studio/7.0/toolchain/avr8/avr8-gnu-toolchain/bin/../lib/gcc/avr/5.4.0/avr51\libgcc.a(_udivmodsi4.o)
 .bss           0x00000000        0x0 c:/program files (x86)/atmel/studio/7.0/toolchain/avr8/avr8-gnu-toolchain/bin/../lib/gcc/avr/5.4.0/avr51\libgcc.a(_udivmodsi4.o)
 .text.libgcc.mul
                0x00000000        0x0 c:/program files (x86)/atmel/studio/7.0/toolchain/avr8/avr8-gnu-toolchain/bin/../lib/gcc/avr/5.4.0/avr51\libgcc.a(_udivmodsi4.o)
 .text.libgcc   0x00000000        0x0 c:/program files (x86)/atmel/studio/7.0/toolchain/avr8/avr8-gnu-toolchain/bin/../lib/gcc/avr/5.4.0/avr51\libgcc.a(_udivmodsi4.o)
 .text.libgcc.prologue
                0x00000000        0x0 c:/program files (x86)/atmel/studio/7.0/toolchain/avr8/avr8-gnu-toolchain/bin/../lib/gcc/avr/5.4.0/avr51\libgcc.a(_udivmodsi4.o)
 .text.libgcc.builtins
                0x00000000        0x0 c:/program files (x86)/atmel/studio/7.0/toolchain/avr8/avr8-gnu-toolchain/bin/../lib/gcc/avr/5.4.0/avr51\libgcc.a(_udivmodsi4.o)
 .text.libgcc.fmul
                0x00000000        0x0 c:/program files (x86)/atmel/studio/7.0/toolchain/avr8/avr8-gnu-toolchain/bin/../lib/gcc/avr/5.4.0/avr51\libgcc.a(_udivmodsi4.o)
 .text.libgcc.fixed
                0x00000000        0x0 c:/program files (x86)/atmel/studio/7.0/toolchain/avr8/avr8-gnu-toolchain/bin/../lib/gcc/avr/5.4.0/avr51\libgcc.a(_udivmodsi4.o)
 .text          0x00000000        0x0 c:/program files (x86)/atmel/studio/7.0/toolchain/avr8/avr8-gnu-toolchain/bin/../lib/gcc/avr/5.4.0/avr51\libgcc.a(_divmodsi4.o)
 .data          0x00000000        0x0 c:/program files (x86)/atmel/studio/7.0/toolchain/avr8/avr8-gnu-toolchain/bin/../lib/gcc/avr/5.4.0/avr51\libgcc.a(_divmodsi4.o)
 .bss           0x00000000        0x0 c:/program files (x86)/atmel/studio/7.0/toolchain/avr8/avr8-gnu-toolchain/bin/../lib/gcc/avr/5.4.0/avr51\libgcc.a(_divmodsi4.o)
 .text.libgcc.mul
                0x00000000        0x0 c:/program files (x86)/atmel/studio/7.0/toolchain/avr8/avr8-gnu-toolchain/bin/../lib/gcc/avr/5.4.0/avr51\libgcc.a(_divmodsi4.o)
 .text.libgcc   0x00000000        0x0 c:/program files (x86)/atmel/studio/7.0/toolchain/avr8/avr8-gnu-toolchain/bin/../lib/gcc/avr/5.4.0/avr51\libgcc.a(_divmodsi4.o)
 .text.libgcc.prologue
                0x00000000        0x0 c:/program files (x86)/atmel/studio/7.0/toolchain/avr8/avr8-gnu-toolchain/bin/../lib/gcc/avr/5.4.0/avr51\libgcc.a(_divmodsi4.o)
 .text.libgcc.builtins
                0x00000000        0x0 c:/program files (x86)/atmel/studio/7.0/toolchain/avr8/avr8-gnu-toolchain/bin/../lib/gcc/avr/5.4.0/avr51\libgcc.a(_divmodsi4.o)
 .text.libgcc.fmul
                0x00000000        0x0 c:/program files (x86)/atmel/studio/7.0/toolchain/avr8/avr8-gnu-toolchain/bin/../lib/gcc/avr/5.4.0/avr51\libgcc.a(_divmodsi4.o)
 .text.libgcc.fixed
                0x00000000        0x0 c:/program files (x86)/atmel/studio/7.0/toolchain/avr8/avr8-gnu-toolchain/bin/../lib/gcc/avr/5.4.0/avr51\libgcc.a(_divmodsi4.o)
 .text          0x00000000        0x0 c:/program files (x86)/atmel/studio/7.0/toolchain/avr8/avr8-gnu-toolchain/bin/../lib/gcc/avr/5.4.0/avr51\libgcc.a(_negsi2.o)
 .data          0x00000000        0x0 c:/program files (x86)/atmel/studio/7.0/toolchain/avr8/avr8-gnu-toolchain/bin/../lib/gcc/avr/5.4.0/avr51\libgcc.a(_negsi2.o)
 .bss           0x00000000        0x0 c:/program files (x86)/atmel/studio/7.0/toolchain/avr8/avr8-gnu-toolchain/bin/../lib/gcc/avr/5.4.0/avr51\libgcc.a(_negsi2.o)
 .text.libgcc.mul
                0x00000000        0x0 c:/program files (x86)/atmel/studio/7.0/toolchain/avr8/avr8-gnu-toolchain/bin/../lib/gcc/avr/5.4.0/avr51\libgcc.a(_negsi2.o)
 .text.libgcc   0x00000000        0x0 c:/program files (x86)/atmel/studio/7.0/toolchain/avr8/avr8-gnu-toolchain/bin/../lib/gcc/avr/5.4.0/avr51\libgcc.a(_negsi2.o)
 .text.libgcc.prologue
                0x00000000        0x0 c:/program files (x86)/atmel/studio/7.0/toolchain/avr8/avr8-gnu-toolchain/bin/../lib/gcc/avr/5.4.0/avr51\libgcc.a(_negsi2.o)
 .text.libgcc.builtins
                0x00000000        0x0 c:/program files (x86)/atmel/studio/7.0/toolchain/avr8/avr8-gnu-toolchain/bin/../lib/gcc/avr/5.4.0/avr51\libgcc.a(_negsi2.o)
 .text.libgcc.fmul
                0x00000000        0x0 c:/program files (x86)/atmel/studio/7.0/toolchain/avr8/avr8-gnu-toolchain/bin/../lib/gcc/avr/5.4.0/avr51\libgcc.a(_negsi2.o)
 .text.libgcc.fixed
                0x00000000        0x0 c:/program files (x86)/atmel/studio/7.0/toolchain/avr8/avr8-gnu-toolchain/bin/../lib/gcc/avr/5.4.0/avr51\libgcc.a(_negsi2.o)
 .text          0x00000000        0x0 c:/program files (x86)/atmel/studio/7.0/toolchain/avr8/avr8-gnu-toolchain/bin/../lib/gcc/avr/5.4.0/avr51\libgcc.a(_exit.o)
 .data          0x00000000        0x0 c:/program files (x86)/atmel/studio/7.0/toolchain/avr8/avr8-gnu-toolchain/bin/../lib/gcc/avr/5.4.0/avr51\libgcc.a(_exit.o)
 .bss           0x00000000        0x0 c:/program files (x86)/atmel/studio/7.0/toolchain/avr8/avr8-gnu-toolchain/bin/../lib/gcc/avr/5.4.0/avr51\libgcc.a(_exit.o)
 .text.libgcc.mul
                0x00000000        0x0 c:/program files (x86)/atmel/studio/7.0/toolchain/avr8/avr8-gnu-toolchain/bin/../lib/gcc/avr/5.4.0/avr51\libgcc.a(_exit.o)
 .text.libgcc.div
                0x00000000        0x0 c:/program files (x86)/atmel/studio/7.0/toolchain/avr8/avr8-gnu-toolchain/bin/../lib/gcc/avr/5.4.0/avr51\libgcc.a(_exit.o)
 .text.libgcc   0x00000000        0x0 c:/program files (x86)/atmel/studio/7.0/toolchain/avr8/avr8-gnu-toolchain/bin/../lib/gcc/avr/5.4.0/avr51\libgcc.a(_exit.o)
 .text.libgcc.prologue
                0x00000000        0x0 c:/program files (x86)/atmel/studio/7.0/toolchain/avr8/avr8-gnu-toolchain/bin/../lib/gcc/avr/5.4.0/avr51\libgcc.a(_exit.o)
 .text.libgcc.builtins
                0x00000000        0x0 c:/program files (x86)/atmel/studio/7.0/toolchain/avr8/avr8-gnu-toolchain/bin/../lib/gcc/avr/5.4.0/avr51\libgcc.a(_exit.o)
 .text.libgcc.fmul
                0x00000000        0x0 c:/program files (x86)/atmel/studio/7.0/toolchain/avr8/avr8-gnu-toolchain/bin/../lib/gcc/avr/5.4.0/avr51\libgcc.a(_exit.o)
 .text.libgcc.fixed
                0x00000000        0x0 c:/program files (x86)/atmel/studio/7.0/toolchain/avr8/avr8-gnu-toolchain/bin/../lib/gcc/avr/5.4.0/avr51\libgcc.a(_exit.o)
 .text          0x00000000        0x0 c:/program files (x86)/atmel/studio/7.0/toolchain/avr8/avr8-gnu-toolchain/bin/../lib/gcc/avr/5.4.0/avr51\libgcc.a(_copy_data.o)
 .data          0x00000000        0x0 c:/program files (x86)/atmel/studio/7.0/toolchain/avr8/avr8-gnu-toolchain/bin/../lib/gcc/avr/5.4.0/avr51\libgcc.a(_copy_data.o)
 .bss           0x00000000        0x0 c:/program files (x86)/atmel/studio/7.0/toolchain/avr8/avr8-gnu-toolchain/bin/../lib/gcc/avr/5.4.0/avr51\libgcc.a(_copy_data.o)
 .text.libgcc.mul
                0x00000000        0x0 c:/program files (x86)/atmel/studio/7.0/toolchain/avr8/avr8-gnu-toolchain/bin/../lib/gcc/avr/5.4.0/avr51\libgcc.a(_copy_data.o)
 .text.libgcc.div
                0x00000000        0x0 c:/program files (x86)/atmel/studio/7.0/toolchain/avr8/avr8-gnu-toolchain/bin/../lib/gcc/avr/5.4.0/avr51\libgcc.a(_copy_data.o)
 .text.libgcc   0x00000000        0x0 c:/program files (x86)/atmel/studio/7.0/toolchain/avr8/avr8-gnu-toolchain/bin/../lib/gcc/avr/5.4.0/avr51\libgcc.a(_copy_data.o)
 .text.libgcc.prologue
                0x00000000        0x0 c:/program files (x86)/atmel/studio/7.0/toolchain/avr8/avr8-gnu-toolchain/bin/../lib/gcc/avr/5.4.0/avr51\libgcc.a(_copy_data.o)
 .text.libgcc.builtins
                0x00000000        0x0 c:/program files (x86)/atmel/studio/7.0/toolchain/avr8/avr8-gnu-toolchain/bin/../lib/gcc/avr/5.4.0/avr51\libgcc.a(_copy_data.o)
 .text.libgcc.fmul
                0x00000000        0x0 c:/program files (x86)/atmel/studio/7.0/toolchain/avr8/avr8-gnu-toolchain/bin/../lib/gcc/avr/5.4.0/avr51\libgcc.a(_copy_data.o)
 .text.libgcc.fixed
                0x00000000        0x0 c:/program files (x86)/atmel/studio/7.0/toolchain/avr8/avr8-gnu-toolchain/bin/../lib/gcc/avr/5.4.0/avr51\libgcc.a(_copy_data.o)
 .text          0x00000000        0x0 c:/program files (x86)/atmel/studio/7.0/toolchain/avr8/avr8-gnu-toolchain/bin/../lib/gcc/avr/5.4.0/avr51\libgcc.a(_clear_bss.o)
 .data          0x00000000        0x0 c:/program files (x86)/atmel/studio/7.0/toolchain/avr8/avr8-gnu-toolchain/bin/../lib/gcc/avr/5.4.0/avr51\libgcc.a(_clear_bss.o)
 .bss           0x00000000        0x0 c:/program files (x86)/atmel/studio/7.0/toolchain/avr8/avr8-gnu-toolchain/bin/../lib/gcc/avr/5.4.0/avr51\libgcc.a(_clear_bss.o)
 .text.libgcc.mul
                0x00000000        0x0 c:/program files (x86)/atmel/studio/7.0/toolchain/avr8/avr8-gnu-toolchain/bin/../lib/gcc/avr/5.4.0/avr51\libgcc.a(_clear_bss.o)
 .text.libgcc.div
                0x00000000        0x0 c:/program files (x86)/atmel/studio/7.0/toolchain/avr8/avr8-gnu-toolchain/bin/../lib/gcc/avr/5.4.0/avr51\libgcc.a(_clear_bss.o)
 .text.libgcc   0x00000000        0x0 c:/program files (x86)/atmel/studio/7.0/toolchain/avr8/avr8-gnu-toolchain/bin/../lib/gcc/avr/5.4.0/avr51\libgcc.a(_clear_bss.o)
 .text.libgcc.prologue
                0x00000000        0x0 c:/program files (x86)/atmel/studio/7.0/toolchain/avr8/avr8-gnu-toolchain/bin/../lib/gcc/avr/5.4.0/avr51\libgcc.a(_clear_bss.o)
 .text.libgcc.builtins
                0x00000000        0x0 c:/program files (x86)/atmel/studio/7.0/toolchain/avr8/avr8-gnu-toolchain/bin/../lib/gcc/avr/5.4.0/avr51\libgcc.a(_clear_bss.o)
 .text.libgcc.fmul
                0x00000000        0x0 c:/program files (x86)/atmel/studio/7.0/toolchain/avr8/avr8-gnu-toolchain/bin/../lib/gcc/avr/5.4.0/avr51\libgcc.a(_clear_bss.o)
 .text.libgcc.fixed
                0x00000000        0x0 c:/program files (x86)/atmel/studio/7.0/toolchain/avr8/avr8-gnu-toolchain/bin/../lib/gcc/avr/5.4.0/avr51\libgcc.a(_clear_bss.o)
 .text          0x00000000        0x0 c:/program files (x86)/atmel/studio/7.0/toolchain/avr8/avr8-gnu-toolchain/bin/../lib/gcc/avr/5.4.0/avr51\libgcc.a(_umulhisi3.o)
 .data          0x00000000        0x0 c:/program files (x86)/atmel/studio/7.0/toolchain/avr8/avr8-gnu-toolchain/bin/../lib/gcc/avr/5.4.0/avr51\libgcc.a(_umulhisi3.o)
 .bss           0x00000000        0x0 c:/program files (x86)/atmel/studio/7.0/toolchain/avr8/avr8-gnu-toolchain/bin/../lib/gcc/avr/5.4.0/avr51\libgcc.a(_umulhisi3.o)
 .text.libgcc.div
                0x00000000        0x0 c:/program files (x86)/atmel/studio/7.0/toolchain/avr8/avr8-gnu-toolchain/bin/../lib/gcc/avr/5.4.0/avr51\libgcc.a(_umulhisi3.o)
 .text.libgcc   0x00000000        0x0 c:/program files (x86)/atmel/studio/7.0/toolchain/avr8/avr8-gnu-toolchain/bin/../lib/gcc/avr/5.4.0/avr51\libgcc.a(_umulhisi3.o)
 .text.libgcc.prologue
                0x00000000        0x0 c:/program files (x86)/atmel/studio/7.0/toolchain/avr8/avr8-gnu-toolchain/bin/../lib/gcc/avr/5.4.0/avr51\libgcc.a(_umulhisi3.o)
 .text.libgcc.builtins
                0x00000000        0x0 c:/program files (x86)/atmel/studio/7.0/toolchain/avr8/avr8-gnu-toolchain/bin/../lib/gcc/avr/5.4.0/avr51\libgcc.a(_umulhisi3.o)
 .text.libgcc.fmul
                0x00000000        0x0 c:/program files (x86)/atmel/studio/7.0/toolchain/avr8/avr8-gnu-toolchain/bin/../lib/gcc/avr/5.4.0/avr51\libgcc.a(_umulhisi3.o)
 .text.libgcc.fixed
                0x00000000        0x0 c:/program files (x86)/atmel/studio/7.0/toolchain/avr8/avr8-gnu-toolchain/bin/../lib/gcc/avr/5.4.0/avr51\libgcc.a(_umulhisi3.o)
 .text          0x00000000        0x0 c:/program files (x86)/atmel/studio/7.0/toolchain/avr8/avr8-gnu-toolchain/bin/../lib/gcc/avr/5.4.0/avr51\libgcc.a(_muluhisi3.o)
 .data          0x00000000        0x0 c:/program files (x86)/atmel/studio/7.0/toolchain/avr8/avr8-gnu-toolchain/bin/../lib/gcc/avr/5.4.0/avr51\libgcc.a(_muluhisi3.o)
 .bss           0x00000000        0x0 c:/program files (x86)/atmel/studio/7.0/toolchain/avr8/avr8-gnu-toolchain/bin/../lib/gcc/avr/5.4.0/avr51\libgcc.a(_muluhisi3.o)
 .text.libgcc.div
                0x00000000        0x0 c:/program files (x86)/atmel/studio/7.0/toolchain/avr8/avr8-gnu-toolchain/bin/../lib/gcc/avr/5.4.0/avr51\libgcc.a(_muluhisi3.o)
 .text.libgcc   0x00000000        0x0 c:/program files (x86)/atmel/studio/7.0/toolchain/avr8/avr8-gnu-toolchain/bin/../lib/gcc/avr/5.4.0/avr51\libgcc.a(_muluhisi3.o)
 .text.libgcc.prologue
                0x00000000        0x0 c:/program files (x86)/atmel/studio/7.0/toolchain/avr8/avr8-gnu-toolchain/bin/../lib/gcc/avr/5.4.0/avr51\libgcc.a(_muluhisi3.o)
 .text.libgcc.builtins
                0x00000000        0x0 c:/program files (x86)/atmel/studio/7.0/toolchain/avr8/avr8-gnu-toolchain/bin/../lib/gcc/avr/5.4.0/avr51\libgcc.a(_muluhisi3.o)
 .text.libgcc.fmul
                0x00000000        0x0 c:/program files (x86)/atmel/studio/7.0/toolchain/avr8/avr8-gnu-toolchain/bin/../lib/gcc/avr/5.4.0/avr51\libgcc.a(_muluhisi3.o)
 .text.libgcc.fixed
                0x00000000        0x0 c:/program files (x86)/atmel/studio/7.0/toolchain/avr8/avr8-gnu-toolchain/bin/../lib/gcc/avr/5.4.0/avr51\libgcc.a(_muluhisi3.o)
 .text          0x00000000        0x0 c:/program files (x86)/atmel/studio/7.0/toolchain/avr8/avr8-gnu-toolchain/bin/../lib/gcc/avr/5.4.0/avr51\libgcc.a(_udivmodhi4.o)
 .data          0x00000000        0x0 c:/program files (x86)/atmel/studio/7.0/toolchain/avr8/avr8-gnu-toolchain/bin/../lib/gcc/avr/5.4.0/avr51\libgcc.a(_udivmodhi4.o)
 .bss           0x00000000        0x0 c:/program files (x86)/atmel/studio/7.0/toolchain/avr8/avr8-gnu-toolchain/bin/../lib/gcc/avr/5.4.0/avr51\libgcc.a(_udivmodhi4.o)
 .text.libgcc.mul
                0x00000000        0x0 c:/program files (x86)/atmel/studio/7.0/toolchain/avr8/avr8-gnu-toolchain/bin/../lib/gcc/avr/5.4.0/avr51\libgcc.a(_udivmodhi4.o)
 .text.libgcc   0x00000000        0x0 c:/program files (x86)/atmel/studio/7.0/toolchain/avr8/avr8-gnu-toolchain/bin/../lib/gcc/avr/5.4.0/avr51\libgcc.a(_udivmodhi4.o)
 .text.libgcc.prologue
                0x00000000        0x0 c:/program files (x86)/atmel/studio/7.0/toolchain/avr8/avr8-gnu-toolchain/bin/../lib/gcc/avr/5.4.0/avr51\libgcc.a(_udivmodhi4.o)
 .text.libgcc.builtins
                0x00000000        0x0 c:/program files (x86)/atmel/studio/7.0/toolchain/avr8/avr8-gnu-toolchain/bin/../lib/gcc/avr/5.4.0/avr51\libgcc.a(_udivmodhi4.o)
 .text.libgcc.fmul
                0x00000000        0x0 c:/program files (x86)/atmel/studio/7.0/toolchain/avr8/avr8-gnu-toolchain/bin/../lib/gcc/avr/5.4.0/avr51\libgcc.a(_udivmodhi4.o)
 .text.libgcc.fixed
                0x00000000        0x0 c:/program files (x86)/atmel/studio/7.0/toolchain/avr8/avr8-gnu-toolchain/bin/../lib/gcc/avr/5.4.0/avr51\libgcc.a(_udivmodhi4.o)
 .text          0x00000000        0x0 c:/program files (x86)/atmel/studio/7.0/toolchain/avr8/avr8-gnu-toolchain/bin/../lib/gcc/avr/5.4.0/../../../../avr/lib/avr51\libc.a(rand.o)
 .bss           0x00000000        0x0 c:/program files (x86)/atmel/studio/7.0/toolchain/avr8/avr8-gnu-toolchain/bin/../lib/gcc/avr/5.4.0/../../../../avr/lib/avr51\libc.a(rand.o)
 .text          0x00000000        0x0 c:/program files (x86)/atmel/studio/7.0/toolchain/avr8/avr8-gnu-toolchain/bin/../lib/gcc/avr/5.4.0/../../../../avr/lib/avr51\libc.a(memcpy.o)
 .data          0x00000000        0x0 c:/program files (x86)/atmel/studio/7.0/toolchain/avr8/avr8-gnu-toolchain/bin/../lib/gcc/avr/5.4.0/../../../../avr/lib/avr51\libc.a(memcpy.o)
 .bss           0x00000000        0x0 c:/program files (x86)/atmel/studio/7.0/toolchain/avr8/avr8-gnu-toolchain/bin/../lib/gcc/avr/5.4.0/../../../../avr/lib/avr51\libc.a(memcpy.o)
 .text          0x00000000        0x0 c:/program files (x86)/atmel/studio/7.0/toolchain/avr8/avr8-gnu-toolchain/bin/../lib/gcc/avr/5.4.0/../../../../avr/lib/avr51\libc.a(memmove.o)
 .data          0x00000000        0x0 c:/program files (x86)/atmel/studio/7.0/toolchain/avr8/avr8-gnu-toolchain/bin/../lib/gcc/avr/5.4.0/../../../../avr/lib/avr51\libc.a(memmove.o)
 .bss           0x00000000        0x0 c:/program files (x86)/atmel/studio/7.0/toolchain/avr8/avr8-gnu-toolchain/bin/../lib/gcc/avr/5.4.0/../../../../avr/lib/avr51\libc.a(memmove.o)
 .text.avr-libc
                0x00000000       0x24 c:/program files (x86)/atmel/studio/7.0/toolchain/avr8/avr8-gnu-toolchain/bin/../lib/gcc/avr/5.4.0/../../../../avr/lib/avr51\libc.a(memmove.o)
 .text          0x00000000        0x0 c:/program files (x86)/atmel/studio/7.0/toolchain/avr8/avr8-gnu-toolchain/bin/../lib/gcc/avr/5.4.0/../../../../avr/lib/avr51\libc.a(itoa_ncheck.o)
 .data          0x00000000        0x0 c:/program files (x86)/atmel/studio/7.0/toolchain/avr8/avr8-gnu-toolchain/bin/../lib/gcc/avr/5.4.0/../../../../avr/lib/avr51\libc.a(itoa_ncheck.o)
 .bss           0x00000000        0x0 c:/program files (x86)/atmel/studio/7.0/toolchain/avr8/avr8-gnu-toolchain/bin/../lib/gcc/avr/5.4.0/../../../../avr/lib/avr51\libc.a(itoa_ncheck.o)
 .text          0x00000000        0x0 c:/program files (x86)/atmel/studio/7.0/toolchain/avr8/avr8-gnu-toolchain/bin/../lib/gcc/avr/5.4.0/../../../../avr/lib/avr51\libc.a(utoa_ncheck.o)
 .data          0x00000000        0x0 c:/program files (x86)/atmel/studio/7.0/toolchain/avr8/avr8-gnu-toolchain/bin/../lib/gcc/avr/5.4.0/../../../../avr/lib/avr51\libc.a(utoa_ncheck.o)
 .bss           0x00000000        0x0 c:/program files (x86)/atmel/studio/7.0/toolchain/avr8/avr8-gnu-toolchain/bin/../lib/gcc/avr/5.4.0/../../../../avr/lib/avr51\libc.a(utoa_ncheck.o)
 .text          0x00000000        0x0 c:/program files (x86)/atmel/studio/7.0/toolchain/avr8/avr8-gnu-toolchain/bin/../lib/gcc/avr/5.4.0/../../../../avr/lib/avr51\libc.a(strrev.o)
 .data          0x00000000        0x0 c:/program files (x86)/atmel/studio/7.0/toolchain/avr8/avr8-gnu-toolchain/bin/../lib/gcc/avr/5.4.0/../../../../avr/lib/avr51\libc.a(strrev.o)
 .bss           0x00000000        0x0 c:/program files (x86)/atmel/studio/7.0/toolchain/avr8/avr8-gnu-toolchain/bin/../lib/gcc/avr/5.4.0/../../../../avr/lib/avr51\libc.a(strrev.o)
 .text          0x00000000        0x0 C:/Program Files (x86)/Atmel/Studio/7.0/Packs/atmel/ATmega_DFP/1.3.300/gcc/dev/at90can128/avr51\libat90can128.a(eerd_byte.o)
 .data          0x00000000        0x0 C:/Program Files (x86)/Atmel/Studio/7.0/Packs/atmel/ATmega_DFP/1.3.300/gcc/dev/at90can128/avr51\libat90can128.a(eerd_byte.o)
 .bss           0x00000000        0x0 C:/Program Files (x86)/Atmel/Studio/7.0/Packs/atmel/ATmega_DFP/1.3.300/gcc/dev/at90can128/avr51\libat90can128.a(eerd_byte.o)
 .text          0x00000000        0x0 C:/Program Files (x86)/Atmel/Studio/7.0/Packs/atmel/ATmega_DFP/1.3.300/gcc/dev/at90can128/avr51\libat90can128.a(eewr_byte.o)
 .data          0x00000000        0x0 C:/Program Files (x86)/Atmel/Studio/7.0/Packs/atmel/ATmega_DFP/1.3.300/gcc/dev/at90can128/avr51\libat90can128.a(eewr_byte.o)
 .bss           0x00000000        0x0 C:/Program Files (x86)/Atmel/Studio/7.0/Packs/atmel/ATmega_DFP/1.3.300/gcc/dev/at90can128/avr51\libat90can128.a(eewr_byte.o)
 .text          0x00000000        0x0 c:/program files (x86)/atmel/studio/7.0/toolchain/avr8/avr8-gnu-toolchain/bin/../lib/gcc/avr/5.4.0/avr51\libgcc.a(_mulshisi3.o)
 .data          0x00000000        0x0 c:/program files (x86)/atmel/studio/7.0/toolchain/avr8/avr8-gnu-toolchain/bin/../lib/gcc/avr/5.4.0/avr51\libgcc.a(_mulshisi3.o)
 .bss           0x00000000        0x0 c:/program files (x86)/atmel/studio/7.0/toolchain/avr8/avr8-gnu-toolchain/bin/../lib/gcc/avr/5.4.0/avr51\libgcc.a(_mulshisi3.o)
 .text.libgcc.div
                0x00000000        0x0 c:/program files (x86)/atmel/studio/7.0/toolchain/avr8/avr8-gnu-toolchain/bin/../lib/gcc/avr/5.4.0/avr51\libgcc.a(_mulshisi3.o)
 .text.libgcc   0x00000000        0x0 c:/program files (x86)/atmel/studio/7.0/toolchain/avr8/avr8-gnu-toolchain/bin/../lib/gcc/avr/5.4.0/avr51\libgcc.a(_mulshisi3.o)
 .text.libgcc.prologue
                0x00000000        0x0 c:/program files (x86)/atmel/studio/7.0/toolchain/avr8/avr8-gnu-toolchain/bin/../lib/gcc/avr/5.4.0/avr51\libgcc.a(_mulshisi3.o)
 .text.libgcc.builtins
                0x00000000        0x0 c:/program files (x86)/atmel/studio/7.0/toolchain/avr8/avr8-gnu-toolchain/bin/../lib/gcc/avr/5.4.0/avr51\libgcc.a(_mulshisi3.o)
 .text.libgcc.fmul
                0x00000000        0x0 c:/program files (x86)/atmel/studio/7.0/toolchain/avr8/avr8-gnu-toolchain/bin/../lib/gcc/avr/5.4.0/avr51\libgcc.a(_mulshisi3.o)
 .text.libgcc.fixed
                0x00000000        0x0 c:/program files (x86)/atmel/studio/7.0/toolchain/avr8/avr8-gnu-toolchain/bin/../lib/gcc/avr/5.4.0/avr51\libgcc.a(_mulshisi3.o)

Memory Configuration

Name             Origin             Length             Attributes
text             0x00000000         0x00020000         xr
data             0x00800100         0x0000ff00         rw !x
eeprom           0x00810000         0x00010000         rw !x
fuse             0x00820000         0x00000003         rw !x
lock             0x00830000         0x00000400         rw !x
signature        0x00840000         0x00000400         rw !x
user_signatures  0x00850000         0x00000400         rw !x
*default*        0x00000000         0xffffffff

Linker script and memory map

Address of section .data set to 0x800100
LOAD C:/Program Files (x86)/Atmel/Studio/7.0/Packs/atmel/ATmega_DFP/1.3.300/gcc/dev/at90can128/avr51/crtat90can128.o
LOAD adc.o
LOAD dac.o
LOAD encoder.o
LOAD handle_can.o
LOAD HindsightCAN/CANCommon.o
LOAD HindsightCAN/CANMotorUnit.o
LOAD HindsightCAN/CANPacket.o
LOAD HindsightCAN/CANScience.o
LOAD i2c.o
LOAD led.o
LOAD main.o
LOAD motor.o
LOAD PortAT90CANxxx.o
LOAD pwm.o
LOAD servo.o
LOAD spi.o
LOAD timers.o
LOAD usart.o
LOAD util.o
LOAD uv.o
START GROUP
LOAD c:/program files (x86)/atmel/studio/7.0/toolchain/avr8/avr8-gnu-toolchain/bin/../lib/gcc/avr/5.4.0/../../../../avr/lib/avr51\libm.a
END GROUP
START GROUP
LOAD c:/program files (x86)/atmel/studio/7.0/toolchain/avr8/avr8-gnu-toolchain/bin/../lib/gcc/avr/5.4.0/avr51\libgcc.a
LOAD c:/program files (x86)/atmel/studio/7.0/toolchain/avr8/avr8-gnu-toolchain/bin/../lib/gcc/avr/5.4.0/../../../../avr/lib/avr51\libm.a
LOAD c:/program files (x86)/atmel/studio/7.0/toolchain/avr8/avr8-gnu-toolchain/bin/../lib/gcc/avr/5.4.0/../../../../avr/lib/avr51\libc.a
LOAD C:/Program Files (x86)/Atmel/Studio/7.0/Packs/atmel/ATmega_DFP/1.3.300/gcc/dev/at90can128/avr51\libat90can128.a
END GROUP
                0x00000000                __TEXT_REGION_ORIGIN__ = DEFINED (__TEXT_REGION_ORIGIN__)?__TEXT_REGION_ORIGIN__:0x0
                0x00800100                __DATA_REGION_ORIGIN__ = DEFINED (__DATA_REGION_ORIGIN__)?__DATA_REGION_ORIGIN__:0x800100
                0x00020000                __TEXT_REGION_LENGTH__ = DEFINED (__TEXT_REGION_LENGTH__)?__TEXT_REGION_LENGTH__:0x20000
                0x0000ff00                __DATA_REGION_LENGTH__ = DEFINED (__DATA_REGION_LENGTH__)?__DATA_REGION_LENGTH__:0xff00
                0x00010000                __EEPROM_REGION_LENGTH__ = DEFINED (__EEPROM_REGION_LENGTH__)?__EEPROM_REGION_LENGTH__:0x10000
                [0x00000003]                __FUSE_REGION_LENGTH__ = DEFINED (__FUSE_REGION_LENGTH__)?__FUSE_REGION_LENGTH__:0x400
                0x00000400                __LOCK_REGION_LENGTH__ = DEFINED (__LOCK_REGION_LENGTH__)?__LOCK_REGION_LENGTH__:0x400
                0x00000400                __SIGNATURE_REGION_LENGTH__ = DEFINED (__SIGNATURE_REGION_LENGTH__)?__SIGNATURE_REGION_LENGTH__:0x400
                0x00000400                __USER_SIGNATURE_REGION_LENGTH__ = DEFINED (__USER_SIGNATURE_REGION_LENGTH__)?__USER_SIGNATURE_REGION_LENGTH__:0x400

.hash
 *(.hash)

.dynsym
 *(.dynsym)

.dynstr
 *(.dynstr)

.gnu.version
 *(.gnu.version)

.gnu.version_d
 *(.gnu.version_d)

.gnu.version_r
 *(.gnu.version_r)

.rel.init
 *(.rel.init)

.rela.init
 *(.rela.init)

.rel.text
 *(.rel.text)
 *(.rel.text.*)
 *(.rel.gnu.linkonce.t*)

.rela.text
 *(.rela.text)
 *(.rela.text.*)
 *(.rela.gnu.linkonce.t*)

.rel.fini
 *(.rel.fini)

.rela.fini
 *(.rela.fini)

.rel.rodata
 *(.rel.rodata)
 *(.rel.rodata.*)
 *(.rel.gnu.linkonce.r*)

.rela.rodata
 *(.rela.rodata)
 *(.rela.rodata.*)
 *(.rela.gnu.linkonce.r*)

.rel.data
 *(.rel.data)
 *(.rel.data.*)
 *(.rel.gnu.linkonce.d*)

.rela.data
 *(.rela.data)
 *(.rela.data.*)
 *(.rela.gnu.linkonce.d*)

.rel.ctors
 *(.rel.ctors)

.rela.ctors
 *(.rela.ctors)

.rel.dtors
 *(.rel.dtors)

.rela.dtors
 *(.rela.dtors)

.rel.got
 *(.rel.got)

.rela.got
 *(.rela.got)

.rel.bss
 *(.rel.bss)

.rela.bss
 *(.rela.bss)

.rel.plt
 *(.rel.plt)

.rela.plt
 *(.rela.plt)

.text           0x00000000     0x47cc
 *(.vectors)
 .vectors       0x00000000       0x94 C:/Program Files (x86)/Atmel/Studio/7.0/Packs/atmel/ATmega_DFP/1.3.300/gcc/dev/at90can128/avr51/crtat90can128.o
                0x00000000                __vector_default
                0x00000000                __vectors
 *(.vectors)
 *(.progmem.gcc*)
                0x00000094                . = ALIGN (0x2)
                0x00000094                __trampolines_start = .
 *(.trampolines)
 .trampolines   0x00000094        0x0 linker stubs
 *(.trampolines*)
                0x00000094                __trampolines_end = .
 *libprintf_flt.a:*(.progmem.data)
 *libc.a:*(.progmem.data)
 *(.progmem*)
 .progmem.data.meow
                0x00000094     0x2775 main.o
                0x00000094                meow
                0x0000280a                . = ALIGN (0x2)
 *fill*         0x00002809        0x1 
 *(.jumptables)
 *(.jumptables*)
 *(.lowtext)
 *(.lowtext*)
                0x0000280a                __ctors_start = .
 *(.ctors)
                0x0000280a                __ctors_end = .
                0x0000280a                __dtors_start = .
 *(.dtors)
                0x0000280a                __dtors_end = .
 SORT(*)(.ctors)
 SORT(*)(.dtors)
 *(.init0)
 .init0         0x0000280a        0x0 C:/Program Files (x86)/Atmel/Studio/7.0/Packs/atmel/ATmega_DFP/1.3.300/gcc/dev/at90can128/avr51/crtat90can128.o
                0x0000280a                __init
 *(.init0)
 *(.init1)
 *(.init1)
 *(.init2)
 .init2         0x0000280a        0xc C:/Program Files (x86)/Atmel/Studio/7.0/Packs/atmel/ATmega_DFP/1.3.300/gcc/dev/at90can128/avr51/crtat90can128.o
 *(.init2)
 *(.init3)
 *(.init3)
 *(.init4)
 .init4         0x00002816       0x1a c:/program files (x86)/atmel/studio/7.0/toolchain/avr8/avr8-gnu-toolchain/bin/../lib/gcc/avr/5.4.0/avr51\libgcc.a(_copy_data.o)
                0x00002816                __do_copy_data
 .init4         0x00002830       0x10 c:/program files (x86)/atmel/studio/7.0/toolchain/avr8/avr8-gnu-toolchain/bin/../lib/gcc/avr/5.4.0/avr51\libgcc.a(_clear_bss.o)
                0x00002830                __do_clear_bss
 *(.init4)
 *(.init5)
 *(.init5)
 *(.init6)
 *(.init6)
 *(.init7)
 *(.init7)
 *(.init8)
 *(.init8)
 *(.init9)
 .init9         0x00002840        0x6 C:/Program Files (x86)/Atmel/Studio/7.0/Packs/atmel/ATmega_DFP/1.3.300/gcc/dev/at90can128/avr51/crtat90can128.o
 *(.init9)
 *(.text)
 .text          0x00002846        0x4 C:/Program Files (x86)/Atmel/Studio/7.0/Packs/atmel/ATmega_DFP/1.3.300/gcc/dev/at90can128/avr51/crtat90can128.o
                0x00002846                __vector_28
                0x00002846                __vector_1
                0x00002846                __vector_32
                0x00002846                __vector_34
                0x00002846                __vector_24
                0x00002846                __vector_12
                0x00002846                __bad_interrupt
                0x00002846                __vector_6
                0x00002846                __vector_31
                0x00002846                __vector_35
                0x00002846                __vector_23
                0x00002846                __vector_30
                0x00002846                __vector_25
                0x00002846                __vector_11
                0x00002846                __vector_13
                0x00002846                __vector_17
                0x00002846                __vector_19
                0x00002846                __vector_27
                0x00002846                __vector_5
                0x00002846                __vector_33
                0x00002846                __vector_9
                0x00002846                __vector_2
                0x00002846                __vector_36
                0x00002846                __vector_29
                0x00002846                __vector_26
                0x00002846                __vector_14
                0x00002846                __vector_10
                0x00002846                __vector_16
                0x00002846                __vector_20
                0x0000284a                . = ALIGN (0x2)
 *(.text.*)
 .text.init_ADC
                0x0000284a       0x16 adc.o
                0x0000284a                init_ADC
 .text.read_ADC
                0x00002860       0x2c adc.o
                0x00002860                read_ADC
 .text.read_gas_sensor
                0x0000288c        0x6 adc.o
                0x0000288c                read_gas_sensor
 .text.mars_moisture
                0x00002892        0x6 adc.o
                0x00002892                mars_moisture
 .text.dac_write
                0x00002898       0x18 dac.o
                0x00002898                dac_write
 .text.play_tone
                0x000028b0       0x94 dac.o
                0x000028b0                play_tone
 .text.roll     0x00002944      0x1b8 dac.o
                0x00002944                roll
 .text.play_audio
                0x00002afc       0x2e dac.o
                0x00002afc                play_audio
 .text.get_encoder_ticks
                0x00002b2a       0x28 encoder.o
                0x00002b2a                get_encoder_ticks
 .text.init_encoders
                0x00002b52       0x5a encoder.o
                0x00002b52                init_encoders
 .text.reset_encoder
                0x00002bac       0x4c encoder.o
                0x00002bac                reset_encoder
 .text.__vector_7
                0x00002bf8       0xd0 encoder.o
                0x00002bf8                __vector_7
 .text.__vector_8
                0x00002cc8       0xd0 encoder.o
                0x00002cc8                __vector_8
 .text.__vector_3
                0x00002d98       0xd0 encoder.o
                0x00002d98                __vector_3
 .text.__vector_4
                0x00002e68       0xd0 encoder.o
                0x00002e68                __vector_4
 .text.handle_telemetry_packet
                0x00002f38      0x11a handle_can.o
                0x00002f38                handle_telemetry_packet
 .text.handle_CAN_packet
                0x00003052       0x94 handle_can.o
                0x00003052                handle_CAN_packet
 .text.AssembleTelemetryReportPacket
                0x000030e6       0x5a HindsightCAN/CANCommon.o
                0x000030e6                AssembleTelemetryReportPacket
 .text.DecodeTelemetryType
                0x00003140        0x6 HindsightCAN/CANCommon.o
                0x00003140                DecodeTelemetryType
 .text.ConstructCANID
                0x00003146       0x20 HindsightCAN/CANPacket.o
                0x00003146                ConstructCANID
 .text.WriteSenderSerialAndPacketID
                0x00003166       0x1a HindsightCAN/CANPacket.o
                0x00003166                WriteSenderSerialAndPacketID
 .text.GetSenderDeviceSerialNumber
                0x00003180        0x6 HindsightCAN/CANPacket.o
                0x00003180                GetSenderDeviceSerialNumber
 .text.GetSenderDeviceGroupCode
                0x00003186        0x6 HindsightCAN/CANPacket.o
                0x00003186                GetSenderDeviceGroupCode
 .text.GetPacketID
                0x0000318c        0x8 HindsightCAN/CANPacket.o
                0x0000318c                GetPacketID
 .text.PackIntIntoDataMSBFirst
                0x00003194       0x10 HindsightCAN/CANPacket.o
                0x00003194                PackIntIntoDataMSBFirst
 .text.DecodeBytesToIntMSBFirst
                0x000031a4       0xaa HindsightCAN/CANPacket.o
                0x000031a4                DecodeBytesToIntMSBFirst
 .text.GetScienceMotorPWMFromPacket
                0x0000324e       0x10 HindsightCAN/CANScience.o
                0x0000324e                GetScienceMotorPWMFromPacket
 .text.GetScienceServoAngleFromPacket
                0x0000325e        0x6 HindsightCAN/CANScience.o
                0x0000325e                GetScienceServoAngleFromPacket
 .text.GetScienceMotorIDFromPacket
                0x00003264        0x6 HindsightCAN/CANScience.o
                0x00003264                GetScienceMotorIDFromPacket
 .text.GetScienceServoIDFromPacket
                0x0000326a        0x6 HindsightCAN/CANScience.o
                0x0000326a                GetScienceServoIDFromPacket
 .text.I2C_init
                0x00003270       0x42 i2c.o
                0x00003270                I2C_init
 .text.I2C_start
                0x000032b2       0x12 i2c.o
                0x000032b2                I2C_start
 .text.I2C_stop
                0x000032c4        0x8 i2c.o
                0x000032c4                I2C_stop
 .text.I2C_write
                0x000032cc       0x16 i2c.o
                0x000032cc                I2C_write
 .text.I2C_read
                0x000032e2       0x86 i2c.o
                0x000032e2                I2C_read
 .text.set_LED  0x00003368       0x3e led.o
                0x00003368                set_LED
 .text.update_LEDS
                0x000033a6       0xea led.o
                0x000033a6                update_LEDS
 .text.set_RGB  0x00003490       0xc8 led.o
                0x00003490                set_RGB
 .text.set_RGB_LED
                0x00003558       0x2a led.o
                0x00003558                set_RGB_LED
 .text.main     0x00003582      0x188 main.o
                0x00003582                main
 .text.init_motor
                0x0000370a       0x44 motor.o
                0x0000370a                init_motor
 .text.set_motor_direction
                0x0000374e       0x2a motor.o
                0x0000374e                set_motor_direction
 .text.set_motor_leds
                0x00003778        0xe motor.o
                0x00003778                set_motor_leds
 .text.set_motor_power
                0x00003786       0x52 motor.o
                0x00003786                set_motor_power
 .text.motor_control_tick
                0x000037d8      0x172 motor.o
                0x000037d8                motor_control_tick
 .text.disable_mob_interrupt
                0x0000394a       0x46 PortAT90CANxxx.o
                0x0000394a                disable_mob_interrupt
 .text.enable_mob_interrupt
                0x00003990       0x42 PortAT90CANxxx.o
                0x00003990                enable_mob_interrupt
 .text.__vector_18
                0x000039d2       0xd2 PortAT90CANxxx.o
                0x000039d2                __vector_18
 .text.set_mob_rx_filter
                0x00003aa4       0x8c PortAT90CANxxx.o
                0x00003aa4                set_mob_rx_filter
 .text.init_CAN
                0x00003b30       0xa8 PortAT90CANxxx.o
                0x00003b30                init_CAN
 .text.find_free_mob
                0x00003bd8       0x44 PortAT90CANxxx.o
                0x00003bd8                find_free_mob
 .text.InitCAN  0x00003c1c       0x10 PortAT90CANxxx.o
                0x00003c1c                InitCAN
 .text.SendCANPacket
                0x00003c2c       0x90 PortAT90CANxxx.o
                0x00003c2c                SendCANPacket
 .text.PollAndReceiveCANPacket
                0x00003cbc      0x126 PortAT90CANxxx.o
                0x00003cbc                PollAndReceiveCANPacket
 .text.getLocalDeviceSerial
                0x00003de2        0x6 PortAT90CANxxx.o
                0x00003de2                getLocalDeviceSerial
 .text.getLocalDeviceGroup
                0x00003de8        0x6 PortAT90CANxxx.o
                0x00003de8                getLocalDeviceGroup
 .text.write_PWM
                0x00003dee       0x4a pwm.o
                0x00003dee                write_PWM
 .text.PCA9685_write
                0x00003e38       0x1e servo.o
                0x00003e38                PCA9685_write
 .text.PCA9685_init
                0x00003e56       0x38 servo.o
                0x00003e56                PCA9685_init
 .text.PCA9685_set_freq
                0x00003e8e       0x78 servo.o
                0x00003e8e                PCA9685_set_freq
 .text.PCA9685_set_pwm
                0x00003f06       0x42 servo.o
                0x00003f06                PCA9685_set_pwm
 .text.init_servos
                0x00003f48        0xa servo.o
                0x00003f48                init_servos
 .text.set_servo_position
                0x00003f52       0x38 servo.o
                0x00003f52                set_servo_position
 .text.__vector_15
                0x00003f8a       0xbe timers.o
                0x00003f8a                __vector_15
 .text.setup_timers
                0x00004048       0x44 timers.o
                0x00004048                setup_timers
 .text.get_mS   0x0000408c       0x52 timers.o
                0x0000408c                get_mS
 .text.delay_mS
                0x000040de       0x46 timers.o
                0x000040de                delay_mS
 .text.__vector_21
                0x00004124       0x50 usart.o
                0x00004124                __vector_21
 .text.__vector_22
                0x00004174       0x6a usart.o
                0x00004174                __vector_22
 .text.usart_write
                0x000041de       0xae usart.o
                0x000041de                usart_write
 .text.usart_init
                0x0000428c       0x38 usart.o
                0x0000428c                usart_init
 .text.usart_write_char
                0x000042c4       0x24 usart.o
                0x000042c4                usart_write_char
 .text.usart_write_string
                0x000042e8       0x14 usart.o
                0x000042e8                usart_write_string
 .text.tprintf  0x000042fc      0x1fa usart.o
                0x000042fc                tprintf
 .text.min      0x000044f6       0x14 util.o
                0x000044f6                min
 .text.VEML6070_read_byte
                0x0000450a       0x20 uv.o
                0x0000450a                VEML6070_read_byte
 .text.VEML6070_write_byte
                0x0000452a       0x22 uv.o
                0x0000452a                VEML6070_write_byte
 .text.VEML6070_init
                0x0000454c        0xe uv.o
                0x0000454c                VEML6070_init
 .text.read_uv_sensor
                0x0000455a       0x1a uv.o
                0x0000455a                read_uv_sensor
 .text.libgcc.div
                0x00004574       0x26 c:/program files (x86)/atmel/studio/7.0/toolchain/avr8/avr8-gnu-toolchain/bin/../lib/gcc/avr/5.4.0/avr51\libgcc.a(_divmodhi4.o)
                0x00004574                _div
                0x00004574                __divmodhi4
 .text.libgcc.div
                0x0000459a       0x44 c:/program files (x86)/atmel/studio/7.0/toolchain/avr8/avr8-gnu-toolchain/bin/../lib/gcc/avr/5.4.0/avr51\libgcc.a(_udivmodsi4.o)
                0x0000459a                __udivmodsi4
 .text.libgcc.div
                0x000045de       0x28 c:/program files (x86)/atmel/studio/7.0/toolchain/avr8/avr8-gnu-toolchain/bin/../lib/gcc/avr/5.4.0/avr51\libgcc.a(_divmodsi4.o)
                0x000045de                __divmodsi4
 .text.libgcc.div
                0x00004606       0x10 c:/program files (x86)/atmel/studio/7.0/toolchain/avr8/avr8-gnu-toolchain/bin/../lib/gcc/avr/5.4.0/avr51\libgcc.a(_negsi2.o)
                0x00004606                __negsi2
 .text.libgcc.mul
                0x00004616       0x1e c:/program files (x86)/atmel/studio/7.0/toolchain/avr8/avr8-gnu-toolchain/bin/../lib/gcc/avr/5.4.0/avr51\libgcc.a(_umulhisi3.o)
                0x00004616                __umulhisi3
 .text.libgcc.mul
                0x00004634       0x14 c:/program files (x86)/atmel/studio/7.0/toolchain/avr8/avr8-gnu-toolchain/bin/../lib/gcc/avr/5.4.0/avr51\libgcc.a(_muluhisi3.o)
                0x00004634                __muluhisi3
 .text.libgcc.div
                0x00004648       0x28 c:/program files (x86)/atmel/studio/7.0/toolchain/avr8/avr8-gnu-toolchain/bin/../lib/gcc/avr/5.4.0/avr51\libgcc.a(_udivmodhi4.o)
                0x00004648                __udivmodhi4
 .text.avr-libc
                0x00004670       0xaa c:/program files (x86)/atmel/studio/7.0/toolchain/avr8/avr8-gnu-toolchain/bin/../lib/gcc/avr/5.4.0/../../../../avr/lib/avr51\libc.a(rand.o)
                0x000046fc                rand_r
                0x000046fe                rand
                0x00004704                srand
 .text.avr-libc
                0x0000471a       0x12 c:/program files (x86)/atmel/studio/7.0/toolchain/avr8/avr8-gnu-toolchain/bin/../lib/gcc/avr/5.4.0/../../../../avr/lib/avr51\libc.a(memcpy.o)
                0x0000471a                memcpy
 .text.avr-libc
                0x0000472c       0x14 c:/program files (x86)/atmel/studio/7.0/toolchain/avr8/avr8-gnu-toolchain/bin/../lib/gcc/avr/5.4.0/../../../../avr/lib/avr51\libc.a(itoa_ncheck.o)
                0x0000472c                __itoa_ncheck
 .text.avr-libc
                0x00004740       0x32 c:/program files (x86)/atmel/studio/7.0/toolchain/avr8/avr8-gnu-toolchain/bin/../lib/gcc/avr/5.4.0/../../../../avr/lib/avr51\libc.a(utoa_ncheck.o)
                0x00004740                __utoa_ncheck
                0x00004742                __utoa_common
 .text.avr-libc
                0x00004772       0x20 c:/program files (x86)/atmel/studio/7.0/toolchain/avr8/avr8-gnu-toolchain/bin/../lib/gcc/avr/5.4.0/../../../../avr/lib/avr51\libc.a(strrev.o)
                0x00004772                strrev
 .text.avr-libc
                0x00004792       0x10 C:/Program Files (x86)/Atmel/Studio/7.0/Packs/atmel/ATmega_DFP/1.3.300/gcc/dev/at90can128/avr51\libat90can128.a(eerd_byte.o)
                0x00004792                eeprom_read_byte
 .text.avr-libc
                0x000047a2       0x1a C:/Program Files (x86)/Atmel/Studio/7.0/Packs/atmel/ATmega_DFP/1.3.300/gcc/dev/at90can128/avr51\libat90can128.a(eewr_byte.o)
                0x000047a2                eeprom_write_byte
                0x000047a4                eeprom_write_r18
 .text.libgcc.mul
                0x000047bc        0xc c:/program files (x86)/atmel/studio/7.0/toolchain/avr8/avr8-gnu-toolchain/bin/../lib/gcc/avr/5.4.0/avr51\libgcc.a(_mulshisi3.o)
                0x000047bc                __mulshisi3
                0x000047c0                __mulohisi3
                0x000047c8                . = ALIGN (0x2)
 *(.fini9)
 .fini9         0x000047c8        0x0 c:/program files (x86)/atmel/studio/7.0/toolchain/avr8/avr8-gnu-toolchain/bin/../lib/gcc/avr/5.4.0/avr51\libgcc.a(_exit.o)
                0x000047c8                _exit
                0x000047c8                exit
 *(.fini9)
 *(.fini8)
 *(.fini8)
 *(.fini7)
 *(.fini7)
 *(.fini6)
 *(.fini6)
 *(.fini5)
 *(.fini5)
 *(.fini4)
 *(.fini4)
 *(.fini3)
 *(.fini3)
 *(.fini2)
 *(.fini2)
 *(.fini1)
 *(.fini1)
 *(.fini0)
 .fini0         0x000047c8        0x4 c:/program files (x86)/atmel/studio/7.0/toolchain/avr8/avr8-gnu-toolchain/bin/../lib/gcc/avr/5.4.0/avr51\libgcc.a(_exit.o)
 *(.fini0)
                0x000047cc                _etext = .

.data           0x00800100      0x110 load address 0x000047cc
                0x00800100                PROVIDE (__data_start, .)
 *(.data)
 .data          0x00800100        0x4 c:/program files (x86)/atmel/studio/7.0/toolchain/avr8/avr8-gnu-toolchain/bin/../lib/gcc/avr/5.4.0/../../../../avr/lib/avr51\libc.a(rand.o)
 *(.data*)
 .data.times    0x00800104       0x74 dac.o
                0x00800104                times
 .data.freqs    0x00800178       0x74 dac.o
                0x00800178                freqs
 .data.sine_table
                0x008001ec       0x10 dac.o
                0x008001ec                sine_table
 .data.motor_leds
                0x008001fc        0x1 motor.o
                0x008001fc                motor_leds
 *(.gnu.linkonce.d*)
 *(.rodata)
 *(.rodata*)
 .rodata.str1.1
                0x008001fd       0x12 i2c.o
 *(.gnu.linkonce.r*)
                0x00800210                . = ALIGN (0x2)
 *fill*         0x0080020f        0x1 
                0x00800210                _edata = .
                0x00800210                PROVIDE (__data_end, .)

.bss            0x00800210       0x51
                0x00800210                PROVIDE (__bss_start, .)
 *(.bss)
 *(.bss*)
 .bss.BS        0x00800210        0x3 led.o
                0x00800210                BS
 .bss.GS        0x00800213        0x3 led.o
                0x00800213                GS
 .bss.RS        0x00800216        0x3 led.o
                0x00800216                RS
 *(COMMON)
 COMMON         0x00800219        0x8 encoder.o
                0x00800219                encoder0_ticks
                0x0080021d                encoder1_ticks
 COMMON         0x00800221        0x1 led.o
                0x00800221                LED_states
 COMMON         0x00800222       0x12 motor.o
                0x00800222                motor_powers
                0x00800228                last_update
 COMMON         0x00800234        0x5 PortAT90CANxxx.o
                0x00800234                devSer
                0x00800235                rxed_mobs
                0x00800237                msgs_av
                0x00800238                devGrp
 COMMON         0x00800239        0x5 timers.o
                0x00800239                PID_due
                0x0080023a                TOF_Cnt
 COMMON         0x0080023e       0x23 usart.o
                0x0080023e                usart_TX_buf
                0x0080024e                txend
                0x0080024f                rxbp
                0x00800250                usart_RX_buf
                0x00800260                txbp
                0x00800261                PROVIDE (__bss_end, .)
                0x000047cc                __data_load_start = LOADADDR (.data)
                0x000048dc                __data_load_end = (__data_load_start + SIZEOF (.data))

.noinit         0x00800261        0x0
                [!provide]                PROVIDE (__noinit_start, .)
 *(.noinit*)
                [!provide]                PROVIDE (__noinit_end, .)
                0x00800261                _end = .
                [!provide]                PROVIDE (__heap_start, .)

.eeprom         0x00810000        0x0
 *(.eeprom*)
                0x00810000                __eeprom_end = .

.fuse
 *(.fuse)
 *(.lfuse)
 *(.hfuse)
 *(.efuse)

.lock
 *(.lock*)

.signature
 *(.signature*)

.user_signatures
 *(.user_signatures*)

.stab
 *(.stab)

.stabstr
 *(.stabstr)

.stab.excl
 *(.stab.excl)

.stab.exclstr
 *(.stab.exclstr)

.stab.index
 *(.stab.index)

.stab.indexstr
 *(.stab.indexstr)

.comment        0x00000000       0x30
 *(.comment)
 .comment       0x00000000       0x30 adc.o
                                 0x31 (size before relaxing)
 .comment       0x00000030       0x31 dac.o
 .comment       0x00000030       0x31 encoder.o
 .comment       0x00000030       0x31 handle_can.o
 .comment       0x00000030       0x31 HindsightCAN/CANCommon.o
 .comment       0x00000030       0x31 HindsightCAN/CANPacket.o
 .comment       0x00000030       0x31 HindsightCAN/CANScience.o
 .comment       0x00000030       0x31 i2c.o
 .comment       0x00000030       0x31 led.o
 .comment       0x00000030       0x31 main.o
 .comment       0x00000030       0x31 motor.o
 .comment       0x00000030       0x31 PortAT90CANxxx.o
 .comment       0x00000030       0x31 pwm.o
 .comment       0x00000030       0x31 servo.o
 .comment       0x00000030       0x31 timers.o
 .comment       0x00000030       0x31 usart.o
 .comment       0x00000030       0x31 util.o
 .comment       0x00000030       0x31 uv.o
 .comment       0x00000030       0x31 c:/program files (x86)/atmel/studio/7.0/toolchain/avr8/avr8-gnu-toolchain/bin/../lib/gcc/avr/5.4.0/../../../../avr/lib/avr51\libc.a(rand.o)

.note.gnu.avr.deviceinfo
                0x00000000       0x40
 .note.gnu.avr.deviceinfo
                0x00000000       0x40 C:/Program Files (x86)/Atmel/Studio/7.0/Packs/atmel/ATmega_DFP/1.3.300/gcc/dev/at90can128/avr51/crtat90can128.o

.note.gnu.build-id
 *(.note.gnu.build-id)

.debug
 *(.debug)

.line
 *(.line)

.debug_srcinfo
 *(.debug_srcinfo)

.debug_sfnames
 *(.debug_sfnames)

.debug_aranges  0x00000000      0x5d8
 *(.debug_aranges)
 .debug_aranges
                0x00000000       0x48 adc.o
 .debug_aranges
                0x00000048       0x38 dac.o
 .debug_aranges
                0x00000080       0x58 encoder.o
 .debug_aranges
                0x000000d8       0x28 handle_can.o
 .debug_aranges
                0x00000100       0xc0 HindsightCAN/CANCommon.o
 .debug_aranges
                0x000001c0       0xa8 HindsightCAN/CANPacket.o
 .debug_aranges
                0x00000268       0x50 HindsightCAN/CANScience.o
 .debug_aranges
                0x000002b8       0x40 i2c.o
 .debug_aranges
                0x000002f8       0x38 led.o
 .debug_aranges
                0x00000330       0x20 main.o
 .debug_aranges
                0x00000350       0x40 motor.o
 .debug_aranges
                0x00000390       0x78 PortAT90CANxxx.o
 .debug_aranges
                0x00000408       0x28 pwm.o
 .debug_aranges
                0x00000430       0x48 servo.o
 .debug_aranges
                0x00000478       0x40 timers.o
 .debug_aranges
                0x000004b8       0x70 usart.o
 .debug_aranges
                0x00000528       0x38 util.o
 .debug_aranges
                0x00000560       0x38 uv.o
 .debug_aranges
                0x00000598       0x20 C:/Program Files (x86)/Atmel/Studio/7.0/Packs/atmel/ATmega_DFP/1.3.300/gcc/dev/at90can128/avr51\libat90can128.a(eerd_byte.o)
 .debug_aranges
                0x000005b8       0x20 C:/Program Files (x86)/Atmel/Studio/7.0/Packs/atmel/ATmega_DFP/1.3.300/gcc/dev/at90can128/avr51\libat90can128.a(eewr_byte.o)

.debug_pubnames
 *(.debug_pubnames)

.debug_info     0x00000000     0x585b
 *(.debug_info .gnu.linkonce.wi.*)
 .debug_info    0x00000000      0xa2d C:/Program Files (x86)/Atmel/Studio/7.0/Packs/atmel/ATmega_DFP/1.3.300/gcc/dev/at90can128/avr51/crtat90can128.o
 .debug_info    0x00000a2d      0x1ba adc.o
 .debug_info    0x00000be7      0x5ae dac.o
 .debug_info    0x00001195      0x1ef encoder.o
 .debug_info    0x00001384      0x588 handle_can.o
 .debug_info    0x0000190c      0xbf9 HindsightCAN/CANCommon.o
 .debug_info    0x00002505      0x6db HindsightCAN/CANPacket.o
 .debug_info    0x00002be0      0x404 HindsightCAN/CANScience.o
 .debug_info    0x00002fe4      0x1ca i2c.o
 .debug_info    0x000031ae      0x2b3 led.o
 .debug_info    0x00003461      0x681 main.o
 .debug_info    0x00003ae2      0x3f8 motor.o
 .debug_info    0x00003eda      0x5a2 PortAT90CANxxx.o
 .debug_info    0x0000447c       0xd7 pwm.o
 .debug_info    0x00004553      0x53e servo.o
 .debug_info    0x00004a91      0x187 timers.o
 .debug_info    0x00004c18      0x729 usart.o
 .debug_info    0x00005341      0x1ad util.o
 .debug_info    0x000054ee      0x237 uv.o
 .debug_info    0x00005725       0x9b C:/Program Files (x86)/Atmel/Studio/7.0/Packs/atmel/ATmega_DFP/1.3.300/gcc/dev/at90can128/avr51\libat90can128.a(eerd_byte.o)
 .debug_info    0x000057c0       0x9b C:/Program Files (x86)/Atmel/Studio/7.0/Packs/atmel/ATmega_DFP/1.3.300/gcc/dev/at90can128/avr51\libat90can128.a(eewr_byte.o)

.debug_abbrev   0x00000000     0x2213
 *(.debug_abbrev)
 .debug_abbrev  0x00000000      0x9a0 C:/Program Files (x86)/Atmel/Studio/7.0/Packs/atmel/ATmega_DFP/1.3.300/gcc/dev/at90can128/avr51/crtat90can128.o
 .debug_abbrev  0x000009a0       0xf1 adc.o
 .debug_abbrev  0x00000a91      0x1be dac.o
 .debug_abbrev  0x00000c4f       0xdd encoder.o
 .debug_abbrev  0x00000d2c      0x121 handle_can.o
 .debug_abbrev  0x00000e4d      0x1bf HindsightCAN/CANCommon.o
 .debug_abbrev  0x0000100c      0x1d8 HindsightCAN/CANPacket.o
 .debug_abbrev  0x000011e4      0x123 HindsightCAN/CANScience.o
 .debug_abbrev  0x00001307       0xf3 i2c.o
 .debug_abbrev  0x000013fa      0x12b led.o
 .debug_abbrev  0x00001525      0x1ae main.o
 .debug_abbrev  0x000016d3      0x156 motor.o
 .debug_abbrev  0x00001829      0x26a PortAT90CANxxx.o
 .debug_abbrev  0x00001a93       0x7a pwm.o
 .debug_abbrev  0x00001b0d      0x15b servo.o
 .debug_abbrev  0x00001c68       0xee timers.o
 .debug_abbrev  0x00001d56      0x2a8 usart.o
 .debug_abbrev  0x00001ffe       0xde util.o
 .debug_abbrev  0x000020dc      0x10f uv.o
 .debug_abbrev  0x000021eb       0x14 C:/Program Files (x86)/Atmel/Studio/7.0/Packs/atmel/ATmega_DFP/1.3.300/gcc/dev/at90can128/avr51\libat90can128.a(eerd_byte.o)
 .debug_abbrev  0x000021ff       0x14 C:/Program Files (x86)/Atmel/Studio/7.0/Packs/atmel/ATmega_DFP/1.3.300/gcc/dev/at90can128/avr51\libat90can128.a(eewr_byte.o)

.debug_line     0x00000000     0x3021
 *(.debug_line .debug_line.* .debug_line_end)
 .debug_line    0x00000000      0x175 C:/Program Files (x86)/Atmel/Studio/7.0/Packs/atmel/ATmega_DFP/1.3.300/gcc/dev/at90can128/avr51/crtat90can128.o
 .debug_line    0x00000175      0x18d adc.o
 .debug_line    0x00000302      0x28e dac.o
 .debug_line    0x00000590      0x279 encoder.o
 .debug_line    0x00000809      0x255 handle_can.o
 .debug_line    0x00000a5e      0x413 HindsightCAN/CANCommon.o
 .debug_line    0x00000e71      0x346 HindsightCAN/CANPacket.o
 .debug_line    0x000011b7      0x196 HindsightCAN/CANScience.o
 .debug_line    0x0000134d      0x1b7 i2c.o
 .debug_line    0x00001504      0x36f led.o
 .debug_line    0x00001873      0x353 main.o
 .debug_line    0x00001bc6      0x265 motor.o
 .debug_line    0x00001e2b      0x50d PortAT90CANxxx.o
 .debug_line    0x00002338      0x11c pwm.o
 .debug_line    0x00002454      0x260 servo.o
 .debug_line    0x000026b4      0x187 timers.o
 .debug_line    0x0000283b      0x458 usart.o
 .debug_line    0x00002c93      0x139 util.o
 .debug_line    0x00002dcc      0x143 uv.o
 .debug_line    0x00002f0f       0x7a C:/Program Files (x86)/Atmel/Studio/7.0/Packs/atmel/ATmega_DFP/1.3.300/gcc/dev/at90can128/avr51\libat90can128.a(eerd_byte.o)
 .debug_line    0x00002f89       0x98 C:/Program Files (x86)/Atmel/Studio/7.0/Packs/atmel/ATmega_DFP/1.3.300/gcc/dev/at90can128/avr51\libat90can128.a(eewr_byte.o)

.debug_frame    0x00000000      0xfe4
 *(.debug_frame)
 .debug_frame   0x00000000       0x74 adc.o
 .debug_frame   0x00000074       0xec dac.o
 .debug_frame   0x00000160      0x114 encoder.o
 .debug_frame   0x00000274       0x88 handle_can.o
 .debug_frame   0x000002fc      0x2c4 HindsightCAN/CANCommon.o
 .debug_frame   0x000005c0      0x17c HindsightCAN/CANPacket.o
 .debug_frame   0x0000073c       0xc8 HindsightCAN/CANScience.o
 .debug_frame   0x00000804       0x8c i2c.o
 .debug_frame   0x00000890       0x6c led.o
 .debug_frame   0x000008fc       0x34 main.o
 .debug_frame   0x00000930       0xc4 motor.o
 .debug_frame   0x000009f4      0x160 PortAT90CANxxx.o
 .debug_frame   0x00000b54       0x34 pwm.o
 .debug_frame   0x00000b88       0xa4 servo.o
 .debug_frame   0x00000c2c       0xd4 timers.o
 .debug_frame   0x00000d00      0x1dc usart.o
 .debug_frame   0x00000edc       0x98 util.o
 .debug_frame   0x00000f74       0x70 uv.o

.debug_str      0x00000000     0x12d1
 *(.debug_str)
 .debug_str     0x00000000      0x39f C:/Program Files (x86)/Atmel/Studio/7.0/Packs/atmel/ATmega_DFP/1.3.300/gcc/dev/at90can128/avr51/crtat90can128.o
 .debug_str     0x0000039f      0x17d adc.o
                                0x1b1 (size before relaxing)
 .debug_str     0x0000051c      0x110 dac.o
                                0x26e (size before relaxing)
 .debug_str     0x0000062c       0xa5 encoder.o
                                0x1fd (size before relaxing)
 .debug_str     0x000006d1      0x1c0 handle_can.o
                                0x393 (size before relaxing)
 .debug_str     0x00000891      0x3b8 HindsightCAN/CANCommon.o
                                0x56d (size before relaxing)
 .debug_str     0x00000c49      0x170 HindsightCAN/CANPacket.o
                                0x3f6 (size before relaxing)
 .debug_str     0x00000db9       0x94 HindsightCAN/CANScience.o
                                0x331 (size before relaxing)
 .debug_str     0x00000e4d       0x24 i2c.o
                                0x1c6 (size before relaxing)
 .debug_str     0x00000e71       0x1c led.o
                                0x1a6 (size before relaxing)
 .debug_str     0x00000e8d       0xc9 main.o
                                0x2f8 (size before relaxing)
 .debug_str     0x00000f56       0x44 motor.o
                                0x23e (size before relaxing)
 .debug_str     0x00000f9a      0x114 PortAT90CANxxx.o
                                0x339 (size before relaxing)
 .debug_str     0x000010ae       0x17 pwm.o
                                0x174 (size before relaxing)
 .debug_str     0x000010c5       0x5b servo.o
                                0x251 (size before relaxing)
 .debug_str     0x00001120       0x3d timers.o
                                0x1c8 (size before relaxing)
 .debug_str     0x0000115d      0x111 usart.o
                                0x2a9 (size before relaxing)
 .debug_str     0x0000126e       0x2d util.o
                                0x1a5 (size before relaxing)
 .debug_str     0x0000129b       0x36 uv.o
                                0x1cc (size before relaxing)

.debug_loc      0x00000000     0x48a9
 *(.debug_loc)
 .debug_loc     0x00000000       0x21 adc.o
 .debug_loc     0x00000021      0x466 dac.o
 .debug_loc     0x00000487      0x27d encoder.o
 .debug_loc     0x00000704      0x354 handle_can.o
 .debug_loc     0x00000a58      0xfa4 HindsightCAN/CANCommon.o
 .debug_loc     0x000019fc      0x72f HindsightCAN/CANPacket.o
 .debug_loc     0x0000212b      0x3dd HindsightCAN/CANScience.o
 .debug_loc     0x00002508      0x127 i2c.o
 .debug_loc     0x0000262f      0x455 led.o
 .debug_loc     0x00002a84      0x17b main.o
 .debug_loc     0x00002bff      0x303 motor.o
 .debug_loc     0x00002f02      0x6f1 PortAT90CANxxx.o
 .debug_loc     0x000035f3       0xce pwm.o
 .debug_loc     0x000036c1      0x409 servo.o
 .debug_loc     0x00003aca      0x1b4 timers.o
 .debug_loc     0x00003c7e      0x841 usart.o
 .debug_loc     0x000044bf      0x28e util.o
 .debug_loc     0x0000474d      0x15c uv.o

.debug_macinfo
 *(.debug_macinfo)

.debug_weaknames
 *(.debug_weaknames)

.debug_funcnames
 *(.debug_funcnames)

.debug_typenames
 *(.debug_typenames)

.debug_varnames
 *(.debug_varnames)

.debug_pubtypes
 *(.debug_pubtypes)

.debug_ranges   0x00000000      0x588
 *(.debug_ranges)
 .debug_ranges  0x00000000       0x38 adc.o
 .debug_ranges  0x00000038       0x28 dac.o
 .debug_ranges  0x00000060       0x48 encoder.o
 .debug_ranges  0x000000a8       0x18 handle_can.o
 .debug_ranges  0x000000c0       0xb0 HindsightCAN/CANCommon.o
 .debug_ranges  0x00000170       0xc8 HindsightCAN/CANPacket.o
 .debug_ranges  0x00000238       0x40 HindsightCAN/CANScience.o
 .debug_ranges  0x00000278       0x30 i2c.o
 .debug_ranges  0x000002a8       0xa0 led.o
 .debug_ranges  0x00000348       0x10 main.o
 .debug_ranges  0x00000358       0x48 motor.o
 .debug_ranges  0x000003a0       0xa0 PortAT90CANxxx.o
 .debug_ranges  0x00000440       0x18 pwm.o
 .debug_ranges  0x00000458       0x38 servo.o
 .debug_ranges  0x00000490       0x30 timers.o
 .debug_ranges  0x000004c0       0x78 usart.o
 .debug_ranges  0x00000538       0x28 util.o
 .debug_ranges  0x00000560       0x28 uv.o

.debug_macro
 *(.debug_macro)
OUTPUT(Science.elf elf32-avr)
LOAD linker stubs
