Archive member included to satisfy reference by file (symbol)

c:/program files (x86)/atmel/studio/7.0/toolchain/avr8/avr8-gnu-toolchain/bin/../lib/gcc/avr/5.4.0/avr51\libgcc.a(_udivmodhi4.o)
                              motor.o (__udivmodhi4)
c:/program files (x86)/atmel/studio/7.0/toolchain/avr8/avr8-gnu-toolchain/bin/../lib/gcc/avr/5.4.0/avr51\libgcc.a(_divmodhi4.o)
                              motor.o (__divmodhi4)
c:/program files (x86)/atmel/studio/7.0/toolchain/avr8/avr8-gnu-toolchain/bin/../lib/gcc/avr/5.4.0/avr51\libgcc.a(_udivmodsi4.o)
                              usart.o (__udivmodsi4)
c:/program files (x86)/atmel/studio/7.0/toolchain/avr8/avr8-gnu-toolchain/bin/../lib/gcc/avr/5.4.0/avr51\libgcc.a(_divmodsi4.o)
                              i2c.o (__divmodsi4)
c:/program files (x86)/atmel/studio/7.0/toolchain/avr8/avr8-gnu-toolchain/bin/../lib/gcc/avr/5.4.0/avr51\libgcc.a(_negsi2.o)
                              c:/program files (x86)/atmel/studio/7.0/toolchain/avr8/avr8-gnu-toolchain/bin/../lib/gcc/avr/5.4.0/avr51\libgcc.a(_divmodsi4.o) (__negsi2)
c:/program files (x86)/atmel/studio/7.0/toolchain/avr8/avr8-gnu-toolchain/bin/../lib/gcc/avr/5.4.0/avr51\libgcc.a(_exit.o)
                              C:/Program Files (x86)/Atmel/Studio/7.0/Packs/atmel/ATmega_DFP/1.3.300/gcc/dev/at90can128/avr51/crtat90can128.o (exit)
c:/program files (x86)/atmel/studio/7.0/toolchain/avr8/avr8-gnu-toolchain/bin/../lib/gcc/avr/5.4.0/avr51\libgcc.a(_copy_data.o)
                              dac.o (__do_copy_data)
c:/program files (x86)/atmel/studio/7.0/toolchain/avr8/avr8-gnu-toolchain/bin/../lib/gcc/avr/5.4.0/avr51\libgcc.a(_clear_bss.o)
                              encoder.o (__do_clear_bss)
c:/program files (x86)/atmel/studio/7.0/toolchain/avr8/avr8-gnu-toolchain/bin/../lib/gcc/avr/5.4.0/avr51\libgcc.a(_umulhisi3.o)
                              motor.o (__umulhisi3)
c:/program files (x86)/atmel/studio/7.0/toolchain/avr8/avr8-gnu-toolchain/bin/../lib/gcc/avr/5.4.0/avr51\libgcc.a(_muluhisi3.o)
                              motor.o (__muluhisi3)
c:/program files (x86)/atmel/studio/7.0/toolchain/avr8/avr8-gnu-toolchain/bin/../lib/gcc/avr/5.4.0/../../../../avr/lib/avr51\libc.a(memcpy.o)
                              usart.o (memcpy)
c:/program files (x86)/atmel/studio/7.0/toolchain/avr8/avr8-gnu-toolchain/bin/../lib/gcc/avr/5.4.0/../../../../avr/lib/avr51\libc.a(memmove.o)
                              usart.o (memmove)
c:/program files (x86)/atmel/studio/7.0/toolchain/avr8/avr8-gnu-toolchain/bin/../lib/gcc/avr/5.4.0/../../../../avr/lib/avr51\libc.a(itoa_ncheck.o)
                              usart.o (__itoa_ncheck)
c:/program files (x86)/atmel/studio/7.0/toolchain/avr8/avr8-gnu-toolchain/bin/../lib/gcc/avr/5.4.0/../../../../avr/lib/avr51\libc.a(utoa_ncheck.o)
                              c:/program files (x86)/atmel/studio/7.0/toolchain/avr8/avr8-gnu-toolchain/bin/../lib/gcc/avr/5.4.0/../../../../avr/lib/avr51\libc.a(itoa_ncheck.o) (__utoa_common)
c:/program files (x86)/atmel/studio/7.0/toolchain/avr8/avr8-gnu-toolchain/bin/../lib/gcc/avr/5.4.0/../../../../avr/lib/avr51\libc.a(strrev.o)
                              c:/program files (x86)/atmel/studio/7.0/toolchain/avr8/avr8-gnu-toolchain/bin/../lib/gcc/avr/5.4.0/../../../../avr/lib/avr51\libc.a(utoa_ncheck.o) (strrev)

Allocating common symbols
Common symbol       size              file

motor_power         0x2               motor.o
pid_runs            0x2               motor.o
Ki                  0x2               motor.o
pos_i               0x4               motor.o
motor_target_pos    0x4               motor.o
PID_due             0x1               timers.o
devSer              0x1               PortAT90CANxxx.o
motor_target_vel    0x2               motor.o
rxed_mobs           0x2               PortAT90CANxxx.o
motor_max_pos       0x4               motor.o
av                  0x2               motor.o
encoder0_ticks      0x4               encoder.o
usart_TX_buf        0x10              usart.o
pid_target          0x4               motor.o
txend               0x1               usart.o
msgs_av             0x1               PortAT90CANxxx.o
rxbp                0x1               usart.o
slow                0x1               motor.o
last_set            0x4               motor.o
usart_RX_buf        0x10              usart.o
current             0x2               motor.o
TOF_Cnt             0x4               timers.o
tgt_inc             0x1               motor.o
txbp                0x1               usart.o
devGrp              0x1               PortAT90CANxxx.o
Kd                  0x2               motor.o
encoder1_ticks      0x4               encoder.o
Kp                  0x2               motor.o
avg                 0x2               motor.o
motor_max_current   0x2               motor.o
last_pos_err        0x4               motor.o
LED_states          0x1               led.o
motor_mode          0x1               motor.o

Discarded input sections

 .data          0x00000000        0x0 C:/Program Files (x86)/Atmel/Studio/7.0/Packs/atmel/ATmega_DFP/1.3.300/gcc/dev/at90can128/avr51/crtat90can128.o
 .bss           0x00000000        0x0 C:/Program Files (x86)/Atmel/Studio/7.0/Packs/atmel/ATmega_DFP/1.3.300/gcc/dev/at90can128/avr51/crtat90can128.o
 .text          0x00000000        0x0 adc.o
 .data          0x00000000        0x0 adc.o
 .bss           0x00000000        0x0 adc.o
 .text.init_ADC
                0x00000000       0x16 adc.o
 .text.read_ADC
                0x00000000       0x2c adc.o
 .text.internalAREF
                0x00000000       0x24 adc.o
 .text.externalAREF
                0x00000000       0x28 adc.o
 .text.get_voltage
                0x00000000       0x2e adc.o
 .debug_info    0x00000000      0x1a5 adc.o
 .debug_abbrev  0x00000000      0x10b adc.o
 .debug_loc     0x00000000       0x39 adc.o
 .debug_aranges
                0x00000000       0x40 adc.o
 .debug_ranges  0x00000000       0x30 adc.o
 .debug_line    0x00000000      0x17d adc.o
 .debug_str     0x00000000      0x19f adc.o
 .comment       0x00000000       0x31 adc.o
 .debug_frame   0x00000000       0x64 adc.o
 .text          0x00000000        0x0 CANCommon.o
 .data          0x00000000        0x0 CANCommon.o
 .bss           0x00000000        0x0 CANCommon.o
 .text.AssembleEmergencyStopPacket
                0x00000000       0x30 CANCommon.o
 .text.AssembleGroupBroadcastingEmergencyStopPacket
                0x00000000        0xa CANCommon.o
 .text.AssembleBrodcastEmergencyStopPacket
                0x00000000        0xa CANCommon.o
 .text.GetEmergencyStopErrorCode
                0x00000000       0x1c CANCommon.o
 .text.GetHeartbeatTimeStamp
                0x00000000       0x3e CANCommon.o
 .text.GetTimeBetweenHeartbeatPacket
                0x00000000       0x40 CANCommon.o
 .text.GetHeartbeatLeniencyCode
                0x00000000       0x1c CANCommon.o
 .text.AssembleHeartbeatPacket
                0x00000000       0x7e CANCommon.o
 .text.AssembleFailReportPacket
                0x00000000       0x30 CANCommon.o
 .text.AssembleOverrideProtectionPacket
                0x00000000       0x24 CANCommon.o
 .text.AssembleChipTypePullPacket
                0x00000000       0x38 CANCommon.o
 .text.AssembleChipTypeReportPacket
                0x00000000       0x38 CANCommon.o
 .text.GetChipTypeFromPacket
                0x00000000        0x6 CANCommon.o
 .text.AssembleTelemetryTimingPacket
                0x00000000       0x5e CANCommon.o
 .text.AssembleTelemetryPullPacket
                0x00000000       0x30 CANCommon.o
 .text.AssembleTelemetryReportPacket
                0x00000000       0x5e CANCommon.o
 .text.DecodeTelemetryDataSigned
                0x00000000       0x10 CANCommon.o
 .text.GetTelemetryTimingFromPacket
                0x00000000        0x6 CANCommon.o
 .text.DecodeTelemetryDataUnsigned
                0x00000000        0x6 CANCommon.o
 .text.DecodeTelemetryType
                0x00000000        0x6 CANCommon.o
 .text.AssembleRGBColorPacket
                0x00000000       0x42 CANCommon.o
 .debug_info    0x00000000      0xc17 CANCommon.o
 .debug_abbrev  0x00000000      0x1bf CANCommon.o
 .debug_loc     0x00000000      0xf7d CANCommon.o
 .debug_aranges
                0x00000000       0xc0 CANCommon.o
 .debug_ranges  0x00000000       0xb0 CANCommon.o
 .debug_line    0x00000000      0x418 CANCommon.o
 .debug_str     0x00000000      0x562 CANCommon.o
 .comment       0x00000000       0x31 CANCommon.o
 .debug_frame   0x00000000      0x2c4 CANCommon.o
 .text          0x00000000        0x0 CANMotorUnit.o
 .data          0x00000000        0x0 CANMotorUnit.o
 .bss           0x00000000        0x0 CANMotorUnit.o
 .text.AssembleModeSetPacket
                0x00000000       0x30 CANMotorUnit.o
 .text.GetModeFromPacket
                0x00000000        0x6 CANMotorUnit.o
 .text.AssemblePWMDirSetPacket
                0x00000000       0x4c CANMotorUnit.o
 .text.GetPWMFromPacket
                0x00000000       0x10 CANMotorUnit.o
 .text.GetDirectionFromPacket
                0x00000000       0x12 CANMotorUnit.o
 .text.AssemblePIDTargetSetPacket
                0x00000000       0x4c CANMotorUnit.o
 .text.GetPIDTargetFromPacket
                0x00000000       0x12 CANMotorUnit.o
 .text.AssemblePSetPacket
                0x00000000       0x4c CANMotorUnit.o
 .text.GetPFromPacket
                0x00000000       0x10 CANMotorUnit.o
 .text.AssembleISetPacket
                0x00000000       0x4c CANMotorUnit.o
 .text.GetIFromPacket
                0x00000000       0x10 CANMotorUnit.o
 .text.AssembleDSetPacket
                0x00000000       0x4c CANMotorUnit.o
 .text.GetDFromPacket
                0x00000000       0x10 CANMotorUnit.o
 .text.AssembleInitializePacket
                0x00000000       0x30 CANMotorUnit.o
 .text.GetInitModeFromPacket
                0x00000000        0x6 CANMotorUnit.o
 .text.AssembleLimitSwitchAlertPacket
                0x00000000       0x30 CANMotorUnit.o
 .text.GetLimStatusFromPacket
                0x00000000        0x6 CANMotorUnit.o
 .text.AssembleEncoderPPJRSetPacket
                0x00000000       0x4c CANMotorUnit.o
 .text.GetEncoderPPJRFromPacket
                0x00000000       0x10 CANMotorUnit.o
 .text.AssembleMaxJointRevolutionPacket
                0x00000000       0x4c CANMotorUnit.o
 .text.GetMaxJointRevolutionsFromPacket
                0x00000000       0x10 CANMotorUnit.o
 .debug_info    0x00000000      0xbd0 CANMotorUnit.o
 .debug_abbrev  0x00000000      0x118 CANMotorUnit.o
 .debug_loc     0x00000000      0xea5 CANMotorUnit.o
 .debug_aranges
                0x00000000       0xc0 CANMotorUnit.o
 .debug_ranges  0x00000000       0xb0 CANMotorUnit.o
 .debug_line    0x00000000      0x3af CANMotorUnit.o
 .debug_str     0x00000000      0x46c CANMotorUnit.o
 .comment       0x00000000       0x31 CANMotorUnit.o
 .debug_frame   0x00000000      0x2ac CANMotorUnit.o
 .text          0x00000000        0x0 CANPacket.o
 .data          0x00000000        0x0 CANPacket.o
 .bss           0x00000000        0x0 CANPacket.o
 .text.ConstructCANID
                0x00000000       0x20 CANPacket.o
 .text.ConstructCANPacket
                0x00000000       0x68 CANPacket.o
 .text.WriteSenderSerialAndPacketID
                0x00000000       0x2c CANPacket.o
 .text.WritePacketIDOnly
                0x00000000        0xa CANPacket.o
 .text.GetPacketPriority
                0x00000000       0x16 CANPacket.o
 .text.GetDeviceSerialNumber
                0x00000000        0x8 CANPacket.o
 .text.GetSenderDeviceSerialNumber
                0x00000000        0x8 CANPacket.o
 .text.GetDeviceGroupCode
                0x00000000       0x1c CANPacket.o
 .text.GetSenderDeviceGroupCode
                0x00000000       0x18 CANPacket.o
 .text.PacketIsInGroup
                0x00000000       0x28 CANPacket.o
 .text.SenderPacketIsInGroup
                0x00000000       0x1a CANPacket.o
 .text.SenderPacketIsOfDevice
                0x00000000       0x16 CANPacket.o
 .text.GetPacketID
                0x00000000        0x8 CANPacket.o
 .text.PacketIsOfID
                0x00000000       0x18 CANPacket.o
 .text.TargetsDevice
                0x00000000       0x42 CANPacket.o
 .text.PackIntIntoDataMSBFirst
                0x00000000       0x10 CANPacket.o
 .text.PackShortIntoDataMSBFirst
                0x00000000        0xc CANPacket.o
 .text.DecodeBytesToIntMSBFirst
                0x00000000       0xaa CANPacket.o
 .debug_info    0x00000000      0x6f2 CANPacket.o
 .debug_abbrev  0x00000000      0x1ef CANPacket.o
 .debug_loc     0x00000000      0x7df CANPacket.o
 .debug_aranges
                0x00000000       0xa8 CANPacket.o
 .debug_ranges  0x00000000       0xc8 CANPacket.o
 .debug_line    0x00000000      0x357 CANPacket.o
 .debug_str     0x00000000      0x3f8 CANPacket.o
 .comment       0x00000000       0x31 CANPacket.o
 .debug_frame   0x00000000      0x188 CANPacket.o
 .text          0x00000000        0x0 CANScience.o
 .data          0x00000000        0x0 CANScience.o
 .bss           0x00000000        0x0 CANScience.o
 .text.AssembleScienceSensorPullPacket
                0x00000000        0x6 CANScience.o
 .text.AssembleScienceMotorControlPacket
                0x00000000       0x5c CANScience.o
 .text.AssembleScienceServoPacket
                0x00000000       0x32 CANScience.o
 .text.GetScienceMotorPWMFromPacket
                0x00000000       0x12 CANScience.o
 .text.GetScienceMotorIDFromPacket
                0x00000000        0x6 CANScience.o
 .debug_info    0x00000000      0x3a8 CANScience.o
 .debug_abbrev  0x00000000      0x123 CANScience.o
 .debug_loc     0x00000000      0x38d CANScience.o
 .debug_aranges
                0x00000000       0x40 CANScience.o
 .debug_ranges  0x00000000       0x30 CANScience.o
 .debug_line    0x00000000      0x16f CANScience.o
 .debug_str     0x00000000      0x2eb CANScience.o
 .comment       0x00000000       0x31 CANScience.o
 .debug_frame   0x00000000       0xa8 CANScience.o
 .text          0x00000000        0x0 dac.o
 .data          0x00000000        0x0 dac.o
 .bss           0x00000000        0x0 dac.o
 .data.sine_table
                0x00000000       0x10 dac.o
 .text          0x00000000        0x0 encoder.o
 .data          0x00000000        0x0 encoder.o
 .bss           0x00000000        0x0 encoder.o
 .text.get_encoder_ticks
                0x00000000       0x28 encoder.o
 .text.set_encoder_ticks
                0x00000000       0x28 encoder.o
 .text.init_encoders
                0x00000000       0x5a encoder.o
 .text.reset_encoder
                0x00000000       0x4c encoder.o
 .text          0x00000000        0x0 i2c.o
 .data          0x00000000        0x0 i2c.o
 .bss           0x00000000        0x0 i2c.o
 .text.I2C_read
                0x00000000       0x1e i2c.o
 .text          0x00000000        0x0 led.o
 .data          0x00000000        0x0 led.o
 .bss           0x00000000        0x0 led.o
 .text.set_LED  0x00000000       0x3e led.o
 .text          0x00000000        0x0 main.o
 .data          0x00000000        0x0 main.o
 .bss           0x00000000        0x0 main.o
 .text          0x00000000        0x0 motor.o
 .data          0x00000000        0x0 motor.o
 .bss           0x00000000        0x0 motor.o
 .text.set_motor_power_raw
                0x00000000       0x52 motor.o
 .text.set_Kp   0x00000000        0xe motor.o
 .text.set_Ki   0x00000000        0xe motor.o
 .text.set_Kd   0x00000000        0xe motor.o
 .text.get_motor_current
                0x00000000       0x4c motor.o
 .text.check_motor_stall
                0x00000000        0x4 motor.o
 .text.set_motor_current_limit
                0x00000000        0xa motor.o
 .rodata.str1.1
                0x00000000       0x54 motor.o
 .text.set_target_position
                0x00000000       0x6c motor.o
 .text.set_target_velocity
                0x00000000       0xb6 motor.o
 .text.init_motor
                0x00000000       0x98 motor.o
 .text.get_target_position
                0x00000000       0x12 motor.o
 .text.index_motor
                0x00000000       0x38 motor.o
 .text.enable_motor
                0x00000000       0x18 motor.o
 .text.disable_motor
                0x00000000       0x14 motor.o
 .text.set_motor_mode
                0x00000000        0x6 motor.o
 .text.get_motor_mode
                0x00000000        0x6 motor.o
 .text.get_motor_limit_switch_state
                0x00000000       0x12 motor.o
 .text.set_motor_power
                0x00000000       0x8c motor.o
 .text.motor_control_tick
                0x00000000      0x5a4 motor.o
 .text.get_motor_max_position
                0x00000000       0x12 motor.o
 .text.set_motor_reverse
                0x00000000        0x6 motor.o
 .bss.last      0x00000000        0x4 motor.o
 .bss.reverse   0x00000000        0x1 motor.o
 .debug_info    0x00000000      0x90f motor.o
 .debug_abbrev  0x00000000      0x28d motor.o
 .debug_loc     0x00000000      0x48f motor.o
 .debug_aranges
                0x00000000       0xc0 motor.o
 .debug_ranges  0x00000000       0xb0 motor.o
 .debug_line    0x00000000      0x5f6 motor.o
 .debug_str     0x00000000      0x43c motor.o
 .comment       0x00000000       0x31 motor.o
 .debug_frame   0x00000000      0x224 motor.o
 COMMON         0x00000000       0x2f motor.o
 .text          0x00000000        0x0 PortAT90CANxxx.o
 .data          0x00000000        0x0 PortAT90CANxxx.o
 .bss           0x00000000        0x0 PortAT90CANxxx.o
 .text.set_mob_rx_filter
                0x00000000       0x8a PortAT90CANxxx.o
 .text.init_CAN
                0x00000000       0xac PortAT90CANxxx.o
 .text.find_free_mob
                0x00000000       0x44 PortAT90CANxxx.o
 .text.InitCAN  0x00000000       0x12 PortAT90CANxxx.o
 .text.SendCANPacket
                0x00000000       0x94 PortAT90CANxxx.o
 .text.PollAndReceiveCANPacket
                0x00000000      0x12a PortAT90CANxxx.o
 .text.getLocalDeviceSerial
                0x00000000        0x8 PortAT90CANxxx.o
 .text.getLocalDeviceGroup
                0x00000000        0x4 PortAT90CANxxx.o
 .text.getChipType
                0x00000000        0x4 PortAT90CANxxx.o
 .text          0x00000000        0x0 pwm.o
 .data          0x00000000        0x0 pwm.o
 .bss           0x00000000        0x0 pwm.o
 .text.write_PWM
                0x00000000       0x4a pwm.o
 .text.disable_PWM
                0x00000000       0x48 pwm.o
 .debug_info    0x00000000       0xd7 pwm.o
 .debug_abbrev  0x00000000       0x7a pwm.o
 .debug_loc     0x00000000       0xce pwm.o
 .debug_aranges
                0x00000000       0x28 pwm.o
 .debug_ranges  0x00000000       0x18 pwm.o
 .debug_line    0x00000000      0x11c pwm.o
 .debug_str     0x00000000      0x174 pwm.o
 .comment       0x00000000       0x31 pwm.o
 .debug_frame   0x00000000       0x34 pwm.o
 .text          0x00000000        0x0 servo.o
 .data          0x00000000        0x0 servo.o
 .bss           0x00000000        0x0 servo.o
 .text.PCA9685_write
                0x00000000       0x28 servo.o
 .text.PCA9685_init
                0x00000000       0x3e servo.o
 .text.PCA9685_set_freq
                0x00000000       0x8e servo.o
 .text.PCA9685_set_pwm
                0x00000000       0x4a servo.o
 .text.init_servos
                0x00000000        0xe servo.o
 .text.set_servo_position
                0x00000000       0x3c servo.o
 .debug_info    0x00000000      0x53e servo.o
 .debug_abbrev  0x00000000      0x15b servo.o
 .debug_loc     0x00000000      0x409 servo.o
 .debug_aranges
                0x00000000       0x48 servo.o
 .debug_ranges  0x00000000       0x38 servo.o
 .debug_line    0x00000000      0x260 servo.o
 .debug_str     0x00000000      0x251 servo.o
 .comment       0x00000000       0x31 servo.o
 .debug_frame   0x00000000       0xa4 servo.o
 .text          0x00000000        0x0 spi.o
 .data          0x00000000        0x0 spi.o
 .bss           0x00000000        0x0 spi.o
 .text.SPI_init
                0x00000000       0x1e spi.o
 .text.SPI_write
                0x00000000        0xa spi.o
 .text.SPI_read
                0x00000000        0xa spi.o
 .text.SPI_rw   0x00000000        0xc spi.o
 .debug_info    0x00000000       0xfe spi.o
 .debug_abbrev  0x00000000       0xb2 spi.o
 .debug_loc     0x00000000       0x59 spi.o
 .debug_aranges
                0x00000000       0x38 spi.o
 .debug_ranges  0x00000000       0x28 spi.o
 .debug_line    0x00000000      0x136 spi.o
 .debug_str     0x00000000      0x17f spi.o
 .comment       0x00000000       0x31 spi.o
 .debug_frame   0x00000000       0x54 spi.o
 .text          0x00000000        0x0 timers.o
 .data          0x00000000        0x0 timers.o
 .bss           0x00000000        0x0 timers.o
 .text.setup_timers
                0x00000000       0x48 timers.o
 .text.get_mS   0x00000000       0x8c timers.o
 .text.get_uS   0x00000000       0x32 timers.o
 .text.delay_mS
                0x00000000       0x4a timers.o
 .text          0x00000000        0x0 usart.o
 .data          0x00000000        0x0 usart.o
 .bss           0x00000000        0x0 usart.o
 .text.usart_read
                0x00000000       0x90 usart.o
 .text.usart_write
                0x00000000       0xb2 usart.o
 .text.usart_init
                0x00000000       0x3a usart.o
 .text.usart_end
                0x00000000        0x6 usart.o
 .text.usart_write_char
                0x00000000       0x28 usart.o
 .text.usart_write_string
                0x00000000       0x16 usart.o
 .text.usart_read_char
                0x00000000       0x1e usart.o
 .text.usart_available
                0x00000000        0x8 usart.o
 .text.tprintf  0x00000000      0x21e usart.o
 .text          0x00000000        0x0 util.o
 .data          0x00000000        0x0 util.o
 .bss           0x00000000        0x0 util.o
 .text.min      0x00000000       0x14 util.o
 .text.max      0x00000000       0x14 util.o
 .text.int_abs  0x00000000        0xc util.o
 .rodata.str1.1
                0x00000000        0x3 util.o
 .text.read_string
                0x00000000       0x7c util.o
 .debug_info    0x00000000      0x1ad util.o
 .debug_abbrev  0x00000000       0xde util.o
 .debug_loc     0x00000000      0x28e util.o
 .debug_aranges
                0x00000000       0x38 util.o
 .debug_ranges  0x00000000       0x28 util.o
 .debug_line    0x00000000      0x139 util.o
 .debug_str     0x00000000      0x1a5 util.o
 .comment       0x00000000       0x31 util.o
 .debug_frame   0x00000000       0x98 util.o
 .text          0x00000000        0x0 c:/program files (x86)/atmel/studio/7.0/toolchain/avr8/avr8-gnu-toolchain/bin/../lib/gcc/avr/5.4.0/avr51\libgcc.a(_udivmodhi4.o)
 .data          0x00000000        0x0 c:/program files (x86)/atmel/studio/7.0/toolchain/avr8/avr8-gnu-toolchain/bin/../lib/gcc/avr/5.4.0/avr51\libgcc.a(_udivmodhi4.o)
 .bss           0x00000000        0x0 c:/program files (x86)/atmel/studio/7.0/toolchain/avr8/avr8-gnu-toolchain/bin/../lib/gcc/avr/5.4.0/avr51\libgcc.a(_udivmodhi4.o)
 .text.libgcc.mul
                0x00000000        0x0 c:/program files (x86)/atmel/studio/7.0/toolchain/avr8/avr8-gnu-toolchain/bin/../lib/gcc/avr/5.4.0/avr51\libgcc.a(_udivmodhi4.o)
 .text.libgcc.div
                0x00000000       0x28 c:/program files (x86)/atmel/studio/7.0/toolchain/avr8/avr8-gnu-toolchain/bin/../lib/gcc/avr/5.4.0/avr51\libgcc.a(_udivmodhi4.o)
 .text.libgcc   0x00000000        0x0 c:/program files (x86)/atmel/studio/7.0/toolchain/avr8/avr8-gnu-toolchain/bin/../lib/gcc/avr/5.4.0/avr51\libgcc.a(_udivmodhi4.o)
 .text.libgcc.prologue
                0x00000000        0x0 c:/program files (x86)/atmel/studio/7.0/toolchain/avr8/avr8-gnu-toolchain/bin/../lib/gcc/avr/5.4.0/avr51\libgcc.a(_udivmodhi4.o)
 .text.libgcc.builtins
                0x00000000        0x0 c:/program files (x86)/atmel/studio/7.0/toolchain/avr8/avr8-gnu-toolchain/bin/../lib/gcc/avr/5.4.0/avr51\libgcc.a(_udivmodhi4.o)
 .text.libgcc.fmul
                0x00000000        0x0 c:/program files (x86)/atmel/studio/7.0/toolchain/avr8/avr8-gnu-toolchain/bin/../lib/gcc/avr/5.4.0/avr51\libgcc.a(_udivmodhi4.o)
 .text.libgcc.fixed
                0x00000000        0x0 c:/program files (x86)/atmel/studio/7.0/toolchain/avr8/avr8-gnu-toolchain/bin/../lib/gcc/avr/5.4.0/avr51\libgcc.a(_udivmodhi4.o)
 .text          0x00000000        0x0 c:/program files (x86)/atmel/studio/7.0/toolchain/avr8/avr8-gnu-toolchain/bin/../lib/gcc/avr/5.4.0/avr51\libgcc.a(_divmodhi4.o)
 .data          0x00000000        0x0 c:/program files (x86)/atmel/studio/7.0/toolchain/avr8/avr8-gnu-toolchain/bin/../lib/gcc/avr/5.4.0/avr51\libgcc.a(_divmodhi4.o)
 .bss           0x00000000        0x0 c:/program files (x86)/atmel/studio/7.0/toolchain/avr8/avr8-gnu-toolchain/bin/../lib/gcc/avr/5.4.0/avr51\libgcc.a(_divmodhi4.o)
 .text.libgcc.mul
                0x00000000        0x0 c:/program files (x86)/atmel/studio/7.0/toolchain/avr8/avr8-gnu-toolchain/bin/../lib/gcc/avr/5.4.0/avr51\libgcc.a(_divmodhi4.o)
 .text.libgcc.div
                0x00000000       0x28 c:/program files (x86)/atmel/studio/7.0/toolchain/avr8/avr8-gnu-toolchain/bin/../lib/gcc/avr/5.4.0/avr51\libgcc.a(_divmodhi4.o)
 .text.libgcc   0x00000000        0x0 c:/program files (x86)/atmel/studio/7.0/toolchain/avr8/avr8-gnu-toolchain/bin/../lib/gcc/avr/5.4.0/avr51\libgcc.a(_divmodhi4.o)
 .text.libgcc.prologue
                0x00000000        0x0 c:/program files (x86)/atmel/studio/7.0/toolchain/avr8/avr8-gnu-toolchain/bin/../lib/gcc/avr/5.4.0/avr51\libgcc.a(_divmodhi4.o)
 .text.libgcc.builtins
                0x00000000        0x0 c:/program files (x86)/atmel/studio/7.0/toolchain/avr8/avr8-gnu-toolchain/bin/../lib/gcc/avr/5.4.0/avr51\libgcc.a(_divmodhi4.o)
 .text.libgcc.fmul
                0x00000000        0x0 c:/program files (x86)/atmel/studio/7.0/toolchain/avr8/avr8-gnu-toolchain/bin/../lib/gcc/avr/5.4.0/avr51\libgcc.a(_divmodhi4.o)
 .text.libgcc.fixed
                0x00000000        0x0 c:/program files (x86)/atmel/studio/7.0/toolchain/avr8/avr8-gnu-toolchain/bin/../lib/gcc/avr/5.4.0/avr51\libgcc.a(_divmodhi4.o)
 .text          0x00000000        0x0 c:/program files (x86)/atmel/studio/7.0/toolchain/avr8/avr8-gnu-toolchain/bin/../lib/gcc/avr/5.4.0/avr51\libgcc.a(_udivmodsi4.o)
 .data          0x00000000        0x0 c:/program files (x86)/atmel/studio/7.0/toolchain/avr8/avr8-gnu-toolchain/bin/../lib/gcc/avr/5.4.0/avr51\libgcc.a(_udivmodsi4.o)
 .bss           0x00000000        0x0 c:/program files (x86)/atmel/studio/7.0/toolchain/avr8/avr8-gnu-toolchain/bin/../lib/gcc/avr/5.4.0/avr51\libgcc.a(_udivmodsi4.o)
 .text.libgcc.mul
                0x00000000        0x0 c:/program files (x86)/atmel/studio/7.0/toolchain/avr8/avr8-gnu-toolchain/bin/../lib/gcc/avr/5.4.0/avr51\libgcc.a(_udivmodsi4.o)
 .text.libgcc   0x00000000        0x0 c:/program files (x86)/atmel/studio/7.0/toolchain/avr8/avr8-gnu-toolchain/bin/../lib/gcc/avr/5.4.0/avr51\libgcc.a(_udivmodsi4.o)
 .text.libgcc.prologue
                0x00000000        0x0 c:/program files (x86)/atmel/studio/7.0/toolchain/avr8/avr8-gnu-toolchain/bin/../lib/gcc/avr/5.4.0/avr51\libgcc.a(_udivmodsi4.o)
 .text.libgcc.builtins
                0x00000000        0x0 c:/program files (x86)/atmel/studio/7.0/toolchain/avr8/avr8-gnu-toolchain/bin/../lib/gcc/avr/5.4.0/avr51\libgcc.a(_udivmodsi4.o)
 .text.libgcc.fmul
                0x00000000        0x0 c:/program files (x86)/atmel/studio/7.0/toolchain/avr8/avr8-gnu-toolchain/bin/../lib/gcc/avr/5.4.0/avr51\libgcc.a(_udivmodsi4.o)
 .text.libgcc.fixed
                0x00000000        0x0 c:/program files (x86)/atmel/studio/7.0/toolchain/avr8/avr8-gnu-toolchain/bin/../lib/gcc/avr/5.4.0/avr51\libgcc.a(_udivmodsi4.o)
 .text          0x00000000        0x0 c:/program files (x86)/atmel/studio/7.0/toolchain/avr8/avr8-gnu-toolchain/bin/../lib/gcc/avr/5.4.0/avr51\libgcc.a(_divmodsi4.o)
 .data          0x00000000        0x0 c:/program files (x86)/atmel/studio/7.0/toolchain/avr8/avr8-gnu-toolchain/bin/../lib/gcc/avr/5.4.0/avr51\libgcc.a(_divmodsi4.o)
 .bss           0x00000000        0x0 c:/program files (x86)/atmel/studio/7.0/toolchain/avr8/avr8-gnu-toolchain/bin/../lib/gcc/avr/5.4.0/avr51\libgcc.a(_divmodsi4.o)
 .text.libgcc.mul
                0x00000000        0x0 c:/program files (x86)/atmel/studio/7.0/toolchain/avr8/avr8-gnu-toolchain/bin/../lib/gcc/avr/5.4.0/avr51\libgcc.a(_divmodsi4.o)
 .text.libgcc   0x00000000        0x0 c:/program files (x86)/atmel/studio/7.0/toolchain/avr8/avr8-gnu-toolchain/bin/../lib/gcc/avr/5.4.0/avr51\libgcc.a(_divmodsi4.o)
 .text.libgcc.prologue
                0x00000000        0x0 c:/program files (x86)/atmel/studio/7.0/toolchain/avr8/avr8-gnu-toolchain/bin/../lib/gcc/avr/5.4.0/avr51\libgcc.a(_divmodsi4.o)
 .text.libgcc.builtins
                0x00000000        0x0 c:/program files (x86)/atmel/studio/7.0/toolchain/avr8/avr8-gnu-toolchain/bin/../lib/gcc/avr/5.4.0/avr51\libgcc.a(_divmodsi4.o)
 .text.libgcc.fmul
                0x00000000        0x0 c:/program files (x86)/atmel/studio/7.0/toolchain/avr8/avr8-gnu-toolchain/bin/../lib/gcc/avr/5.4.0/avr51\libgcc.a(_divmodsi4.o)
 .text.libgcc.fixed
                0x00000000        0x0 c:/program files (x86)/atmel/studio/7.0/toolchain/avr8/avr8-gnu-toolchain/bin/../lib/gcc/avr/5.4.0/avr51\libgcc.a(_divmodsi4.o)
 .text          0x00000000        0x0 c:/program files (x86)/atmel/studio/7.0/toolchain/avr8/avr8-gnu-toolchain/bin/../lib/gcc/avr/5.4.0/avr51\libgcc.a(_negsi2.o)
 .data          0x00000000        0x0 c:/program files (x86)/atmel/studio/7.0/toolchain/avr8/avr8-gnu-toolchain/bin/../lib/gcc/avr/5.4.0/avr51\libgcc.a(_negsi2.o)
 .bss           0x00000000        0x0 c:/program files (x86)/atmel/studio/7.0/toolchain/avr8/avr8-gnu-toolchain/bin/../lib/gcc/avr/5.4.0/avr51\libgcc.a(_negsi2.o)
 .text.libgcc.mul
                0x00000000        0x0 c:/program files (x86)/atmel/studio/7.0/toolchain/avr8/avr8-gnu-toolchain/bin/../lib/gcc/avr/5.4.0/avr51\libgcc.a(_negsi2.o)
 .text.libgcc   0x00000000        0x0 c:/program files (x86)/atmel/studio/7.0/toolchain/avr8/avr8-gnu-toolchain/bin/../lib/gcc/avr/5.4.0/avr51\libgcc.a(_negsi2.o)
 .text.libgcc.prologue
                0x00000000        0x0 c:/program files (x86)/atmel/studio/7.0/toolchain/avr8/avr8-gnu-toolchain/bin/../lib/gcc/avr/5.4.0/avr51\libgcc.a(_negsi2.o)
 .text.libgcc.builtins
                0x00000000        0x0 c:/program files (x86)/atmel/studio/7.0/toolchain/avr8/avr8-gnu-toolchain/bin/../lib/gcc/avr/5.4.0/avr51\libgcc.a(_negsi2.o)
 .text.libgcc.fmul
                0x00000000        0x0 c:/program files (x86)/atmel/studio/7.0/toolchain/avr8/avr8-gnu-toolchain/bin/../lib/gcc/avr/5.4.0/avr51\libgcc.a(_negsi2.o)
 .text.libgcc.fixed
                0x00000000        0x0 c:/program files (x86)/atmel/studio/7.0/toolchain/avr8/avr8-gnu-toolchain/bin/../lib/gcc/avr/5.4.0/avr51\libgcc.a(_negsi2.o)
 .text          0x00000000        0x0 c:/program files (x86)/atmel/studio/7.0/toolchain/avr8/avr8-gnu-toolchain/bin/../lib/gcc/avr/5.4.0/avr51\libgcc.a(_exit.o)
 .data          0x00000000        0x0 c:/program files (x86)/atmel/studio/7.0/toolchain/avr8/avr8-gnu-toolchain/bin/../lib/gcc/avr/5.4.0/avr51\libgcc.a(_exit.o)
 .bss           0x00000000        0x0 c:/program files (x86)/atmel/studio/7.0/toolchain/avr8/avr8-gnu-toolchain/bin/../lib/gcc/avr/5.4.0/avr51\libgcc.a(_exit.o)
 .text.libgcc.mul
                0x00000000        0x0 c:/program files (x86)/atmel/studio/7.0/toolchain/avr8/avr8-gnu-toolchain/bin/../lib/gcc/avr/5.4.0/avr51\libgcc.a(_exit.o)
 .text.libgcc.div
                0x00000000        0x0 c:/program files (x86)/atmel/studio/7.0/toolchain/avr8/avr8-gnu-toolchain/bin/../lib/gcc/avr/5.4.0/avr51\libgcc.a(_exit.o)
 .text.libgcc   0x00000000        0x0 c:/program files (x86)/atmel/studio/7.0/toolchain/avr8/avr8-gnu-toolchain/bin/../lib/gcc/avr/5.4.0/avr51\libgcc.a(_exit.o)
 .text.libgcc.prologue
                0x00000000        0x0 c:/program files (x86)/atmel/studio/7.0/toolchain/avr8/avr8-gnu-toolchain/bin/../lib/gcc/avr/5.4.0/avr51\libgcc.a(_exit.o)
 .text.libgcc.builtins
                0x00000000        0x0 c:/program files (x86)/atmel/studio/7.0/toolchain/avr8/avr8-gnu-toolchain/bin/../lib/gcc/avr/5.4.0/avr51\libgcc.a(_exit.o)
 .text.libgcc.fmul
                0x00000000        0x0 c:/program files (x86)/atmel/studio/7.0/toolchain/avr8/avr8-gnu-toolchain/bin/../lib/gcc/avr/5.4.0/avr51\libgcc.a(_exit.o)
 .text.libgcc.fixed
                0x00000000        0x0 c:/program files (x86)/atmel/studio/7.0/toolchain/avr8/avr8-gnu-toolchain/bin/../lib/gcc/avr/5.4.0/avr51\libgcc.a(_exit.o)
 .text          0x00000000        0x0 c:/program files (x86)/atmel/studio/7.0/toolchain/avr8/avr8-gnu-toolchain/bin/../lib/gcc/avr/5.4.0/avr51\libgcc.a(_copy_data.o)
 .data          0x00000000        0x0 c:/program files (x86)/atmel/studio/7.0/toolchain/avr8/avr8-gnu-toolchain/bin/../lib/gcc/avr/5.4.0/avr51\libgcc.a(_copy_data.o)
 .bss           0x00000000        0x0 c:/program files (x86)/atmel/studio/7.0/toolchain/avr8/avr8-gnu-toolchain/bin/../lib/gcc/avr/5.4.0/avr51\libgcc.a(_copy_data.o)
 .text.libgcc.mul
                0x00000000        0x0 c:/program files (x86)/atmel/studio/7.0/toolchain/avr8/avr8-gnu-toolchain/bin/../lib/gcc/avr/5.4.0/avr51\libgcc.a(_copy_data.o)
 .text.libgcc.div
                0x00000000        0x0 c:/program files (x86)/atmel/studio/7.0/toolchain/avr8/avr8-gnu-toolchain/bin/../lib/gcc/avr/5.4.0/avr51\libgcc.a(_copy_data.o)
 .text.libgcc   0x00000000        0x0 c:/program files (x86)/atmel/studio/7.0/toolchain/avr8/avr8-gnu-toolchain/bin/../lib/gcc/avr/5.4.0/avr51\libgcc.a(_copy_data.o)
 .text.libgcc.prologue
                0x00000000        0x0 c:/program files (x86)/atmel/studio/7.0/toolchain/avr8/avr8-gnu-toolchain/bin/../lib/gcc/avr/5.4.0/avr51\libgcc.a(_copy_data.o)
 .text.libgcc.builtins
                0x00000000        0x0 c:/program files (x86)/atmel/studio/7.0/toolchain/avr8/avr8-gnu-toolchain/bin/../lib/gcc/avr/5.4.0/avr51\libgcc.a(_copy_data.o)
 .text.libgcc.fmul
                0x00000000        0x0 c:/program files (x86)/atmel/studio/7.0/toolchain/avr8/avr8-gnu-toolchain/bin/../lib/gcc/avr/5.4.0/avr51\libgcc.a(_copy_data.o)
 .text.libgcc.fixed
                0x00000000        0x0 c:/program files (x86)/atmel/studio/7.0/toolchain/avr8/avr8-gnu-toolchain/bin/../lib/gcc/avr/5.4.0/avr51\libgcc.a(_copy_data.o)
 .text          0x00000000        0x0 c:/program files (x86)/atmel/studio/7.0/toolchain/avr8/avr8-gnu-toolchain/bin/../lib/gcc/avr/5.4.0/avr51\libgcc.a(_clear_bss.o)
 .data          0x00000000        0x0 c:/program files (x86)/atmel/studio/7.0/toolchain/avr8/avr8-gnu-toolchain/bin/../lib/gcc/avr/5.4.0/avr51\libgcc.a(_clear_bss.o)
 .bss           0x00000000        0x0 c:/program files (x86)/atmel/studio/7.0/toolchain/avr8/avr8-gnu-toolchain/bin/../lib/gcc/avr/5.4.0/avr51\libgcc.a(_clear_bss.o)
 .text.libgcc.mul
                0x00000000        0x0 c:/program files (x86)/atmel/studio/7.0/toolchain/avr8/avr8-gnu-toolchain/bin/../lib/gcc/avr/5.4.0/avr51\libgcc.a(_clear_bss.o)
 .text.libgcc.div
                0x00000000        0x0 c:/program files (x86)/atmel/studio/7.0/toolchain/avr8/avr8-gnu-toolchain/bin/../lib/gcc/avr/5.4.0/avr51\libgcc.a(_clear_bss.o)
 .text.libgcc   0x00000000        0x0 c:/program files (x86)/atmel/studio/7.0/toolchain/avr8/avr8-gnu-toolchain/bin/../lib/gcc/avr/5.4.0/avr51\libgcc.a(_clear_bss.o)
 .text.libgcc.prologue
                0x00000000        0x0 c:/program files (x86)/atmel/studio/7.0/toolchain/avr8/avr8-gnu-toolchain/bin/../lib/gcc/avr/5.4.0/avr51\libgcc.a(_clear_bss.o)
 .text.libgcc.builtins
                0x00000000        0x0 c:/program files (x86)/atmel/studio/7.0/toolchain/avr8/avr8-gnu-toolchain/bin/../lib/gcc/avr/5.4.0/avr51\libgcc.a(_clear_bss.o)
 .text.libgcc.fmul
                0x00000000        0x0 c:/program files (x86)/atmel/studio/7.0/toolchain/avr8/avr8-gnu-toolchain/bin/../lib/gcc/avr/5.4.0/avr51\libgcc.a(_clear_bss.o)
 .text.libgcc.fixed
                0x00000000        0x0 c:/program files (x86)/atmel/studio/7.0/toolchain/avr8/avr8-gnu-toolchain/bin/../lib/gcc/avr/5.4.0/avr51\libgcc.a(_clear_bss.o)
 .text          0x00000000        0x0 c:/program files (x86)/atmel/studio/7.0/toolchain/avr8/avr8-gnu-toolchain/bin/../lib/gcc/avr/5.4.0/avr51\libgcc.a(_umulhisi3.o)
 .data          0x00000000        0x0 c:/program files (x86)/atmel/studio/7.0/toolchain/avr8/avr8-gnu-toolchain/bin/../lib/gcc/avr/5.4.0/avr51\libgcc.a(_umulhisi3.o)
 .bss           0x00000000        0x0 c:/program files (x86)/atmel/studio/7.0/toolchain/avr8/avr8-gnu-toolchain/bin/../lib/gcc/avr/5.4.0/avr51\libgcc.a(_umulhisi3.o)
 .text.libgcc.mul
                0x00000000       0x1e c:/program files (x86)/atmel/studio/7.0/toolchain/avr8/avr8-gnu-toolchain/bin/../lib/gcc/avr/5.4.0/avr51\libgcc.a(_umulhisi3.o)
 .text.libgcc.div
                0x00000000        0x0 c:/program files (x86)/atmel/studio/7.0/toolchain/avr8/avr8-gnu-toolchain/bin/../lib/gcc/avr/5.4.0/avr51\libgcc.a(_umulhisi3.o)
 .text.libgcc   0x00000000        0x0 c:/program files (x86)/atmel/studio/7.0/toolchain/avr8/avr8-gnu-toolchain/bin/../lib/gcc/avr/5.4.0/avr51\libgcc.a(_umulhisi3.o)
 .text.libgcc.prologue
                0x00000000        0x0 c:/program files (x86)/atmel/studio/7.0/toolchain/avr8/avr8-gnu-toolchain/bin/../lib/gcc/avr/5.4.0/avr51\libgcc.a(_umulhisi3.o)
 .text.libgcc.builtins
                0x00000000        0x0 c:/program files (x86)/atmel/studio/7.0/toolchain/avr8/avr8-gnu-toolchain/bin/../lib/gcc/avr/5.4.0/avr51\libgcc.a(_umulhisi3.o)
 .text.libgcc.fmul
                0x00000000        0x0 c:/program files (x86)/atmel/studio/7.0/toolchain/avr8/avr8-gnu-toolchain/bin/../lib/gcc/avr/5.4.0/avr51\libgcc.a(_umulhisi3.o)
 .text.libgcc.fixed
                0x00000000        0x0 c:/program files (x86)/atmel/studio/7.0/toolchain/avr8/avr8-gnu-toolchain/bin/../lib/gcc/avr/5.4.0/avr51\libgcc.a(_umulhisi3.o)
 .text          0x00000000        0x0 c:/program files (x86)/atmel/studio/7.0/toolchain/avr8/avr8-gnu-toolchain/bin/../lib/gcc/avr/5.4.0/avr51\libgcc.a(_muluhisi3.o)
 .data          0x00000000        0x0 c:/program files (x86)/atmel/studio/7.0/toolchain/avr8/avr8-gnu-toolchain/bin/../lib/gcc/avr/5.4.0/avr51\libgcc.a(_muluhisi3.o)
 .bss           0x00000000        0x0 c:/program files (x86)/atmel/studio/7.0/toolchain/avr8/avr8-gnu-toolchain/bin/../lib/gcc/avr/5.4.0/avr51\libgcc.a(_muluhisi3.o)
 .text.libgcc.mul
                0x00000000       0x16 c:/program files (x86)/atmel/studio/7.0/toolchain/avr8/avr8-gnu-toolchain/bin/../lib/gcc/avr/5.4.0/avr51\libgcc.a(_muluhisi3.o)
 .text.libgcc.div
                0x00000000        0x0 c:/program files (x86)/atmel/studio/7.0/toolchain/avr8/avr8-gnu-toolchain/bin/../lib/gcc/avr/5.4.0/avr51\libgcc.a(_muluhisi3.o)
 .text.libgcc   0x00000000        0x0 c:/program files (x86)/atmel/studio/7.0/toolchain/avr8/avr8-gnu-toolchain/bin/../lib/gcc/avr/5.4.0/avr51\libgcc.a(_muluhisi3.o)
 .text.libgcc.prologue
                0x00000000        0x0 c:/program files (x86)/atmel/studio/7.0/toolchain/avr8/avr8-gnu-toolchain/bin/../lib/gcc/avr/5.4.0/avr51\libgcc.a(_muluhisi3.o)
 .text.libgcc.builtins
                0x00000000        0x0 c:/program files (x86)/atmel/studio/7.0/toolchain/avr8/avr8-gnu-toolchain/bin/../lib/gcc/avr/5.4.0/avr51\libgcc.a(_muluhisi3.o)
 .text.libgcc.fmul
                0x00000000        0x0 c:/program files (x86)/atmel/studio/7.0/toolchain/avr8/avr8-gnu-toolchain/bin/../lib/gcc/avr/5.4.0/avr51\libgcc.a(_muluhisi3.o)
 .text.libgcc.fixed
                0x00000000        0x0 c:/program files (x86)/atmel/studio/7.0/toolchain/avr8/avr8-gnu-toolchain/bin/../lib/gcc/avr/5.4.0/avr51\libgcc.a(_muluhisi3.o)
 .text          0x00000000        0x0 c:/program files (x86)/atmel/studio/7.0/toolchain/avr8/avr8-gnu-toolchain/bin/../lib/gcc/avr/5.4.0/../../../../avr/lib/avr51\libc.a(memcpy.o)
 .data          0x00000000        0x0 c:/program files (x86)/atmel/studio/7.0/toolchain/avr8/avr8-gnu-toolchain/bin/../lib/gcc/avr/5.4.0/../../../../avr/lib/avr51\libc.a(memcpy.o)
 .bss           0x00000000        0x0 c:/program files (x86)/atmel/studio/7.0/toolchain/avr8/avr8-gnu-toolchain/bin/../lib/gcc/avr/5.4.0/../../../../avr/lib/avr51\libc.a(memcpy.o)
 .text.avr-libc
                0x00000000       0x12 c:/program files (x86)/atmel/studio/7.0/toolchain/avr8/avr8-gnu-toolchain/bin/../lib/gcc/avr/5.4.0/../../../../avr/lib/avr51\libc.a(memcpy.o)
 .text          0x00000000        0x0 c:/program files (x86)/atmel/studio/7.0/toolchain/avr8/avr8-gnu-toolchain/bin/../lib/gcc/avr/5.4.0/../../../../avr/lib/avr51\libc.a(memmove.o)
 .data          0x00000000        0x0 c:/program files (x86)/atmel/studio/7.0/toolchain/avr8/avr8-gnu-toolchain/bin/../lib/gcc/avr/5.4.0/../../../../avr/lib/avr51\libc.a(memmove.o)
 .bss           0x00000000        0x0 c:/program files (x86)/atmel/studio/7.0/toolchain/avr8/avr8-gnu-toolchain/bin/../lib/gcc/avr/5.4.0/../../../../avr/lib/avr51\libc.a(memmove.o)
 .text.avr-libc
                0x00000000       0x24 c:/program files (x86)/atmel/studio/7.0/toolchain/avr8/avr8-gnu-toolchain/bin/../lib/gcc/avr/5.4.0/../../../../avr/lib/avr51\libc.a(memmove.o)
 .text          0x00000000        0x0 c:/program files (x86)/atmel/studio/7.0/toolchain/avr8/avr8-gnu-toolchain/bin/../lib/gcc/avr/5.4.0/../../../../avr/lib/avr51\libc.a(itoa_ncheck.o)
 .data          0x00000000        0x0 c:/program files (x86)/atmel/studio/7.0/toolchain/avr8/avr8-gnu-toolchain/bin/../lib/gcc/avr/5.4.0/../../../../avr/lib/avr51\libc.a(itoa_ncheck.o)
 .bss           0x00000000        0x0 c:/program files (x86)/atmel/studio/7.0/toolchain/avr8/avr8-gnu-toolchain/bin/../lib/gcc/avr/5.4.0/../../../../avr/lib/avr51\libc.a(itoa_ncheck.o)
 .text.avr-libc
                0x00000000       0x16 c:/program files (x86)/atmel/studio/7.0/toolchain/avr8/avr8-gnu-toolchain/bin/../lib/gcc/avr/5.4.0/../../../../avr/lib/avr51\libc.a(itoa_ncheck.o)
 .text          0x00000000        0x0 c:/program files (x86)/atmel/studio/7.0/toolchain/avr8/avr8-gnu-toolchain/bin/../lib/gcc/avr/5.4.0/../../../../avr/lib/avr51\libc.a(utoa_ncheck.o)
 .data          0x00000000        0x0 c:/program files (x86)/atmel/studio/7.0/toolchain/avr8/avr8-gnu-toolchain/bin/../lib/gcc/avr/5.4.0/../../../../avr/lib/avr51\libc.a(utoa_ncheck.o)
 .bss           0x00000000        0x0 c:/program files (x86)/atmel/studio/7.0/toolchain/avr8/avr8-gnu-toolchain/bin/../lib/gcc/avr/5.4.0/../../../../avr/lib/avr51\libc.a(utoa_ncheck.o)
 .text.avr-libc
                0x00000000       0x34 c:/program files (x86)/atmel/studio/7.0/toolchain/avr8/avr8-gnu-toolchain/bin/../lib/gcc/avr/5.4.0/../../../../avr/lib/avr51\libc.a(utoa_ncheck.o)
 .text          0x00000000        0x0 c:/program files (x86)/atmel/studio/7.0/toolchain/avr8/avr8-gnu-toolchain/bin/../lib/gcc/avr/5.4.0/../../../../avr/lib/avr51\libc.a(strrev.o)
 .data          0x00000000        0x0 c:/program files (x86)/atmel/studio/7.0/toolchain/avr8/avr8-gnu-toolchain/bin/../lib/gcc/avr/5.4.0/../../../../avr/lib/avr51\libc.a(strrev.o)
 .bss           0x00000000        0x0 c:/program files (x86)/atmel/studio/7.0/toolchain/avr8/avr8-gnu-toolchain/bin/../lib/gcc/avr/5.4.0/../../../../avr/lib/avr51\libc.a(strrev.o)
 .text.avr-libc
                0x00000000       0x20 c:/program files (x86)/atmel/studio/7.0/toolchain/avr8/avr8-gnu-toolchain/bin/../lib/gcc/avr/5.4.0/../../../../avr/lib/avr51\libc.a(strrev.o)

Memory Configuration

Name             Origin             Length             Attributes
text             0x00000000         0x00020000         xr
data             0x00800100         0x0000ff00         rw !x
eeprom           0x00810000         0x00010000         rw !x
fuse             0x00820000         0x00000003         rw !x
lock             0x00830000         0x00000400         rw !x
signature        0x00840000         0x00000400         rw !x
user_signatures  0x00850000         0x00000400         rw !x
*default*        0x00000000         0xffffffff

Linker script and memory map

Address of section .data set to 0x800100
LOAD C:/Program Files (x86)/Atmel/Studio/7.0/Packs/atmel/ATmega_DFP/1.3.300/gcc/dev/at90can128/avr51/crtat90can128.o
LOAD adc.o
LOAD CANCommon.o
LOAD CANMotorUnit.o
LOAD CANPacket.o
LOAD CANScience.o
LOAD dac.o
LOAD encoder.o
LOAD i2c.o
LOAD led.o
LOAD main.o
LOAD motor.o
LOAD PortAT90CANxxx.o
LOAD pwm.o
LOAD servo.o
LOAD spi.o
LOAD timers.o
LOAD usart.o
LOAD util.o
START GROUP
LOAD c:/program files (x86)/atmel/studio/7.0/toolchain/avr8/avr8-gnu-toolchain/bin/../lib/gcc/avr/5.4.0/../../../../avr/lib/avr51\libm.a
END GROUP
START GROUP
LOAD c:/program files (x86)/atmel/studio/7.0/toolchain/avr8/avr8-gnu-toolchain/bin/../lib/gcc/avr/5.4.0/avr51\libgcc.a
LOAD c:/program files (x86)/atmel/studio/7.0/toolchain/avr8/avr8-gnu-toolchain/bin/../lib/gcc/avr/5.4.0/../../../../avr/lib/avr51\libm.a
LOAD c:/program files (x86)/atmel/studio/7.0/toolchain/avr8/avr8-gnu-toolchain/bin/../lib/gcc/avr/5.4.0/../../../../avr/lib/avr51\libc.a
LOAD C:/Program Files (x86)/Atmel/Studio/7.0/Packs/atmel/ATmega_DFP/1.3.300/gcc/dev/at90can128/avr51\libat90can128.a
END GROUP
                0x00000000                __TEXT_REGION_ORIGIN__ = DEFINED (__TEXT_REGION_ORIGIN__)?__TEXT_REGION_ORIGIN__:0x0
                0x00800100                __DATA_REGION_ORIGIN__ = DEFINED (__DATA_REGION_ORIGIN__)?__DATA_REGION_ORIGIN__:0x800100
                0x00020000                __TEXT_REGION_LENGTH__ = DEFINED (__TEXT_REGION_LENGTH__)?__TEXT_REGION_LENGTH__:0x20000
                0x0000ff00                __DATA_REGION_LENGTH__ = DEFINED (__DATA_REGION_LENGTH__)?__DATA_REGION_LENGTH__:0xff00
                0x00010000                __EEPROM_REGION_LENGTH__ = DEFINED (__EEPROM_REGION_LENGTH__)?__EEPROM_REGION_LENGTH__:0x10000
                [0x00000003]                __FUSE_REGION_LENGTH__ = DEFINED (__FUSE_REGION_LENGTH__)?__FUSE_REGION_LENGTH__:0x400
                0x00000400                __LOCK_REGION_LENGTH__ = DEFINED (__LOCK_REGION_LENGTH__)?__LOCK_REGION_LENGTH__:0x400
                0x00000400                __SIGNATURE_REGION_LENGTH__ = DEFINED (__SIGNATURE_REGION_LENGTH__)?__SIGNATURE_REGION_LENGTH__:0x400
                0x00000400                __USER_SIGNATURE_REGION_LENGTH__ = DEFINED (__USER_SIGNATURE_REGION_LENGTH__)?__USER_SIGNATURE_REGION_LENGTH__:0x400

.hash
 *(.hash)

.dynsym
 *(.dynsym)

.dynstr
 *(.dynstr)

.gnu.version
 *(.gnu.version)

.gnu.version_d
 *(.gnu.version_d)

.gnu.version_r
 *(.gnu.version_r)

.rel.init
 *(.rel.init)

.rela.init
 *(.rela.init)

.rel.text
 *(.rel.text)
 *(.rel.text.*)
 *(.rel.gnu.linkonce.t*)

.rela.text
 *(.rela.text)
 *(.rela.text.*)
 *(.rela.gnu.linkonce.t*)

.rel.fini
 *(.rel.fini)

.rela.fini
 *(.rela.fini)

.rel.rodata
 *(.rel.rodata)
 *(.rel.rodata.*)
 *(.rel.gnu.linkonce.r*)

.rela.rodata
 *(.rela.rodata)
 *(.rela.rodata.*)
 *(.rela.gnu.linkonce.r*)

.rel.data
 *(.rel.data)
 *(.rel.data.*)
 *(.rel.gnu.linkonce.d*)

.rela.data
 *(.rela.data)
 *(.rela.data.*)
 *(.rela.gnu.linkonce.d*)

.rel.ctors
 *(.rel.ctors)

.rela.ctors
 *(.rela.ctors)

.rel.dtors
 *(.rel.dtors)

.rela.dtors
 *(.rela.dtors)

.rel.got
 *(.rel.got)

.rela.got
 *(.rela.got)

.rel.bss
 *(.rel.bss)

.rela.bss
 *(.rela.bss)

.rel.plt
 *(.rel.plt)

.rela.plt
 *(.rela.plt)

.text           0x00000000     0x31b6
 *(.vectors)
 .vectors       0x00000000       0x94 C:/Program Files (x86)/Atmel/Studio/7.0/Packs/atmel/ATmega_DFP/1.3.300/gcc/dev/at90can128/avr51/crtat90can128.o
                0x00000000                __vector_default
                0x00000000                __vectors
 *(.vectors)
 *(.progmem.gcc*)
                0x00000094                . = ALIGN (0x2)
                0x00000094                __trampolines_start = .
 *(.trampolines)
 .trampolines   0x00000094        0x0 linker stubs
 *(.trampolines*)
                0x00000094                __trampolines_end = .
 *libprintf_flt.a:*(.progmem.data)
 *libc.a:*(.progmem.data)
 *(.progmem*)
 .progmem.data.meow
                0x00000094     0x2775 main.o
                0x00000094                meow
                0x0000280a                . = ALIGN (0x2)
 *fill*         0x00002809        0x1 
 *(.jumptables)
 *(.jumptables*)
 *(.lowtext)
 *(.lowtext*)
                0x0000280a                __ctors_start = .
 *(.ctors)
                0x0000280a                __ctors_end = .
                0x0000280a                __dtors_start = .
 *(.dtors)
                0x0000280a                __dtors_end = .
 SORT(*)(.ctors)
 SORT(*)(.dtors)
 *(.init0)
 .init0         0x0000280a        0x0 C:/Program Files (x86)/Atmel/Studio/7.0/Packs/atmel/ATmega_DFP/1.3.300/gcc/dev/at90can128/avr51/crtat90can128.o
                0x0000280a                __init
 *(.init0)
 *(.init1)
 *(.init1)
 *(.init2)
 .init2         0x0000280a        0xc C:/Program Files (x86)/Atmel/Studio/7.0/Packs/atmel/ATmega_DFP/1.3.300/gcc/dev/at90can128/avr51/crtat90can128.o
 *(.init2)
 *(.init3)
 *(.init3)
 *(.init4)
 .init4         0x00002816       0x1a c:/program files (x86)/atmel/studio/7.0/toolchain/avr8/avr8-gnu-toolchain/bin/../lib/gcc/avr/5.4.0/avr51\libgcc.a(_copy_data.o)
                0x00002816                __do_copy_data
 .init4         0x00002830       0x10 c:/program files (x86)/atmel/studio/7.0/toolchain/avr8/avr8-gnu-toolchain/bin/../lib/gcc/avr/5.4.0/avr51\libgcc.a(_clear_bss.o)
                0x00002830                __do_clear_bss
 *(.init4)
 *(.init5)
 *(.init5)
 *(.init6)
 *(.init6)
 *(.init7)
 *(.init7)
 *(.init8)
 *(.init8)
 *(.init9)
 .init9         0x00002840        0x4 C:/Program Files (x86)/Atmel/Studio/7.0/Packs/atmel/ATmega_DFP/1.3.300/gcc/dev/at90can128/avr51/crtat90can128.o
 *(.init9)
 *(.text)
 .text          0x00002844        0x4 C:/Program Files (x86)/Atmel/Studio/7.0/Packs/atmel/ATmega_DFP/1.3.300/gcc/dev/at90can128/avr51/crtat90can128.o
                0x00002844                __vector_28
                0x00002844                __vector_1
                0x00002844                __vector_32
                0x00002844                __vector_34
                0x00002844                __vector_24
                0x00002844                __vector_12
                0x00002844                __bad_interrupt
                0x00002844                __vector_6
                0x00002844                __vector_31
                0x00002844                __vector_35
                0x00002844                __vector_23
                0x00002844                __vector_30
                0x00002844                __vector_25
                0x00002844                __vector_11
                0x00002844                __vector_13
                0x00002844                __vector_17
                0x00002844                __vector_19
                0x00002844                __vector_27
                0x00002844                __vector_5
                0x00002844                __vector_33
                0x00002844                __vector_9
                0x00002844                __vector_2
                0x00002844                __vector_36
                0x00002844                __vector_29
                0x00002844                __vector_26
                0x00002844                __vector_14
                0x00002844                __vector_10
                0x00002844                __vector_16
                0x00002844                __vector_20
                0x00002848                . = ALIGN (0x2)
 *(.text.*)
 .text.dac_write
                0x00002848       0x18 dac.o
                0x00002848                dac_write
 .text.play_audio
                0x00002860       0x2e dac.o
                0x00002860                play_audio
 .text.__vector_7
                0x0000288e       0xd0 encoder.o
                0x0000288e                __vector_7
 .text.__vector_8
                0x0000295e       0xd0 encoder.o
                0x0000295e                __vector_8
 .text.__vector_3
                0x00002a2e       0xd0 encoder.o
                0x00002a2e                __vector_3
 .text.__vector_4
                0x00002afe       0xd0 encoder.o
                0x00002afe                __vector_4
 .text.I2C_init
                0x00002bce       0x40 i2c.o
                0x00002bce                I2C_init
 .text.I2C_start
                0x00002c0e       0x12 i2c.o
                0x00002c0e                I2C_start
 .text.I2C_stop
                0x00002c20        0x8 i2c.o
                0x00002c20                I2C_stop
 .text.I2C_write
                0x00002c28       0x16 i2c.o
                0x00002c28                I2C_write
 .text.update_LEDS
                0x00002c3e       0xee led.o
                0x00002c3e                update_LEDS
 .text.set_RGB  0x00002d2c       0xc8 led.o
                0x00002d2c                set_RGB
 .text.main     0x00002df4       0x70 main.o
                0x00002df4                main
 .text.disable_mob_interrupt
                0x00002e64       0x46 PortAT90CANxxx.o
                0x00002e64                disable_mob_interrupt
 .text.enable_mob_interrupt
                0x00002eaa       0x42 PortAT90CANxxx.o
                0x00002eaa                enable_mob_interrupt
 .text.__vector_18
                0x00002eec       0xd2 PortAT90CANxxx.o
                0x00002eec                __vector_18
 .text.__vector_15
                0x00002fbe       0xbe timers.o
                0x00002fbe                __vector_15
 .text.__vector_21
                0x0000307c       0x50 usart.o
                0x0000307c                __vector_21
 .text.__vector_22
                0x000030cc       0x6a usart.o
                0x000030cc                __vector_22
 .text.libgcc.div
                0x00003136       0x44 c:/program files (x86)/atmel/studio/7.0/toolchain/avr8/avr8-gnu-toolchain/bin/../lib/gcc/avr/5.4.0/avr51\libgcc.a(_udivmodsi4.o)
                0x00003136                __udivmodsi4
 .text.libgcc.div
                0x0000317a       0x28 c:/program files (x86)/atmel/studio/7.0/toolchain/avr8/avr8-gnu-toolchain/bin/../lib/gcc/avr/5.4.0/avr51\libgcc.a(_divmodsi4.o)
                0x0000317a                __divmodsi4
 .text.libgcc.div
                0x000031a2       0x10 c:/program files (x86)/atmel/studio/7.0/toolchain/avr8/avr8-gnu-toolchain/bin/../lib/gcc/avr/5.4.0/avr51\libgcc.a(_negsi2.o)
                0x000031a2                __negsi2
                0x000031b2                . = ALIGN (0x2)
 *(.fini9)
 .fini9         0x000031b2        0x0 c:/program files (x86)/atmel/studio/7.0/toolchain/avr8/avr8-gnu-toolchain/bin/../lib/gcc/avr/5.4.0/avr51\libgcc.a(_exit.o)
                0x000031b2                _exit
                0x000031b2                exit
 *(.fini9)
 *(.fini8)
 *(.fini8)
 *(.fini7)
 *(.fini7)
 *(.fini6)
 *(.fini6)
 *(.fini5)
 *(.fini5)
 *(.fini4)
 *(.fini4)
 *(.fini3)
 *(.fini3)
 *(.fini2)
 *(.fini2)
 *(.fini1)
 *(.fini1)
 *(.fini0)
 .fini0         0x000031b2        0x4 c:/program files (x86)/atmel/studio/7.0/toolchain/avr8/avr8-gnu-toolchain/bin/../lib/gcc/avr/5.4.0/avr51\libgcc.a(_exit.o)
 *(.fini0)
                0x000031b6                _etext = .

.data           0x00800100        0x0 load address 0x000031b6
                0x00800100                PROVIDE (__data_start, .)
 *(.data)
 *(.data*)
 *(.gnu.linkonce.d*)
 *(.rodata)
 *(.rodata*)
 *(.gnu.linkonce.r*)
                0x00800100                . = ALIGN (0x2)
                0x00800100                _edata = .
                0x00800100                PROVIDE (__data_end, .)

.bss            0x00800100       0x36
                0x00800100                PROVIDE (__bss_start, .)
 *(.bss)
 *(.bss*)
 *(COMMON)
 COMMON         0x00800100        0x8 encoder.o
                0x00800100                encoder0_ticks
                0x00800104                encoder1_ticks
 COMMON         0x00800108        0x1 led.o
                0x00800108                LED_states
 COMMON         0x00800109        0x5 PortAT90CANxxx.o
                0x00800109                devSer
                0x0080010a                rxed_mobs
                0x0080010c                msgs_av
                0x0080010d                devGrp
 COMMON         0x0080010e        0x5 timers.o
                0x0080010e                PID_due
                0x0080010f                TOF_Cnt
 COMMON         0x00800113       0x23 usart.o
                0x00800113                usart_TX_buf
                0x00800123                txend
                0x00800124                rxbp
                0x00800125                usart_RX_buf
                0x00800135                txbp
                0x00800136                PROVIDE (__bss_end, .)
                0x000031b6                __data_load_start = LOADADDR (.data)
                0x000031b6                __data_load_end = (__data_load_start + SIZEOF (.data))

.noinit         0x00800136        0x0
                [!provide]                PROVIDE (__noinit_start, .)
 *(.noinit*)
                [!provide]                PROVIDE (__noinit_end, .)
                0x00800136                _end = .
                [!provide]                PROVIDE (__heap_start, .)

.eeprom         0x00810000        0x0
 *(.eeprom*)
                0x00810000                __eeprom_end = .

.fuse
 *(.fuse)
 *(.lfuse)
 *(.hfuse)
 *(.efuse)

.lock
 *(.lock*)

.signature
 *(.signature*)

.user_signatures
 *(.user_signatures*)

.stab
 *(.stab)

.stabstr
 *(.stabstr)

.stab.excl
 *(.stab.excl)

.stab.exclstr
 *(.stab.exclstr)

.stab.index
 *(.stab.index)

.stab.indexstr
 *(.stab.indexstr)

.comment        0x00000000       0x30
 *(.comment)
 .comment       0x00000000       0x30 dac.o
                                 0x31 (size before relaxing)
 .comment       0x00000030       0x31 encoder.o
 .comment       0x00000030       0x31 i2c.o
 .comment       0x00000030       0x31 led.o
 .comment       0x00000030       0x31 main.o
 .comment       0x00000030       0x31 PortAT90CANxxx.o
 .comment       0x00000030       0x31 timers.o
 .comment       0x00000030       0x31 usart.o

.note.gnu.avr.deviceinfo
                0x00000000       0x40
 .note.gnu.avr.deviceinfo
                0x00000000       0x40 C:/Program Files (x86)/Atmel/Studio/7.0/Packs/atmel/ATmega_DFP/1.3.300/gcc/dev/at90can128/avr51/crtat90can128.o

.note.gnu.build-id
 *(.note.gnu.build-id)

.debug
 *(.debug)

.line
 *(.line)

.debug_srcinfo
 *(.debug_srcinfo)

.debug_sfnames
 *(.debug_sfnames)

.debug_aranges  0x00000000      0x238
 *(.debug_aranges)
 .debug_aranges
                0x00000000       0x28 dac.o
 .debug_aranges
                0x00000028       0x58 encoder.o
 .debug_aranges
                0x00000080       0x40 i2c.o
 .debug_aranges
                0x000000c0       0x30 led.o
 .debug_aranges
                0x000000f0       0x20 main.o
 .debug_aranges
                0x00000110       0x78 PortAT90CANxxx.o
 .debug_aranges
                0x00000188       0x40 timers.o
 .debug_aranges
                0x000001c8       0x70 usart.o

.debug_pubnames
 *(.debug_pubnames)

.debug_info     0x00000000     0x21c5
 *(.debug_info .gnu.linkonce.wi.*)
 .debug_info    0x00000000      0xa2d C:/Program Files (x86)/Atmel/Studio/7.0/Packs/atmel/ATmega_DFP/1.3.300/gcc/dev/at90can128/avr51/crtat90can128.o
 .debug_info    0x00000a2d      0x1cf dac.o
 .debug_info    0x00000bfc      0x1ef encoder.o
 .debug_info    0x00000deb      0x120 i2c.o
 .debug_info    0x00000f0b      0x1e4 led.o
 .debug_info    0x000010ef      0x24f main.o
 .debug_info    0x0000133e      0x5c3 PortAT90CANxxx.o
 .debug_info    0x00001901      0x19b timers.o
 .debug_info    0x00001a9c      0x729 usart.o

.debug_abbrev   0x00000000     0x1453
 *(.debug_abbrev)
 .debug_abbrev  0x00000000      0x9a0 C:/Program Files (x86)/Atmel/Studio/7.0/Packs/atmel/ATmega_DFP/1.3.300/gcc/dev/at90can128/avr51/crtat90can128.o
 .debug_abbrev  0x000009a0      0x10c dac.o
 .debug_abbrev  0x00000aac       0xdd encoder.o
 .debug_abbrev  0x00000b89       0xa1 i2c.o
 .debug_abbrev  0x00000c2a       0xf1 led.o
 .debug_abbrev  0x00000d1b      0x136 main.o
 .debug_abbrev  0x00000e51      0x26a PortAT90CANxxx.o
 .debug_abbrev  0x000010bb       0xf0 timers.o
 .debug_abbrev  0x000011ab      0x2a8 usart.o

.debug_line     0x00000000     0x1639
 *(.debug_line .debug_line.* .debug_line_end)
 .debug_line    0x00000000      0x175 C:/Program Files (x86)/Atmel/Studio/7.0/Packs/atmel/ATmega_DFP/1.3.300/gcc/dev/at90can128/avr51/crtat90can128.o
 .debug_line    0x00000175      0x102 dac.o
 .debug_line    0x00000277      0x279 encoder.o
 .debug_line    0x000004f0      0x166 i2c.o
 .debug_line    0x00000656      0x346 led.o
 .debug_line    0x0000099c      0x197 main.o
 .debug_line    0x00000b33      0x51b PortAT90CANxxx.o
 .debug_line    0x0000104e      0x193 timers.o
 .debug_line    0x000011e1      0x458 usart.o

.debug_frame    0x00000000      0x67c
 *(.debug_frame)
 .debug_frame   0x00000000       0x50 dac.o
 .debug_frame   0x00000050      0x114 encoder.o
 .debug_frame   0x00000164       0x64 i2c.o
 .debug_frame   0x000001c8       0x5c led.o
 .debug_frame   0x00000224       0x34 main.o
 .debug_frame   0x00000258      0x160 PortAT90CANxxx.o
 .debug_frame   0x000003b8       0xe8 timers.o
 .debug_frame   0x000004a0      0x1dc usart.o

.debug_str      0x00000000      0x99a
 *(.debug_str)
 .debug_str     0x00000000      0x39f C:/Program Files (x86)/Atmel/Studio/7.0/Packs/atmel/ATmega_DFP/1.3.300/gcc/dev/at90can128/avr51/crtat90can128.o
 .debug_str     0x0000039f      0x18a dac.o
                                0x1be (size before relaxing)
 .debug_str     0x00000529       0xa5 encoder.o
                                0x1fd (size before relaxing)
 .debug_str     0x000005ce       0x2a i2c.o
                                0x19a (size before relaxing)
 .debug_str     0x000005f8       0x38 led.o
                                0x191 (size before relaxing)
 .debug_str     0x00000630       0x61 main.o
                                0x1da (size before relaxing)
 .debug_str     0x00000691      0x18b PortAT90CANxxx.o
                                0x348 (size before relaxing)
 .debug_str     0x0000081c       0x5a timers.o
                                0x1c8 (size before relaxing)
 .debug_str     0x00000876      0x124 usart.o
                                0x2a9 (size before relaxing)

.debug_loc      0x00000000     0x19bf
 *(.debug_loc)
 .debug_loc     0x00000000      0x164 dac.o
 .debug_loc     0x00000164      0x27d encoder.o
 .debug_loc     0x000003e1       0x8d i2c.o
 .debug_loc     0x0000046e      0x37d led.o
 .debug_loc     0x000007eb       0x90 main.o
 .debug_loc     0x0000087b      0x6ee PortAT90CANxxx.o
 .debug_loc     0x00000f69      0x215 timers.o
 .debug_loc     0x0000117e      0x841 usart.o

.debug_macinfo
 *(.debug_macinfo)

.debug_weaknames
 *(.debug_weaknames)

.debug_funcnames
 *(.debug_funcnames)

.debug_typenames
 *(.debug_typenames)

.debug_varnames
 *(.debug_varnames)

.debug_pubtypes
 *(.debug_pubtypes)

.debug_ranges   0x00000000      0x280
 *(.debug_ranges)
 .debug_ranges  0x00000000       0x18 dac.o
 .debug_ranges  0x00000018       0x48 encoder.o
 .debug_ranges  0x00000060       0x30 i2c.o
 .debug_ranges  0x00000090       0x98 led.o
 .debug_ranges  0x00000128       0x10 main.o
 .debug_ranges  0x00000138       0xa0 PortAT90CANxxx.o
 .debug_ranges  0x000001d8       0x30 timers.o
 .debug_ranges  0x00000208       0x78 usart.o

.debug_macro
 *(.debug_macro)
OUTPUT(Science.elf elf32-avr)
LOAD linker stubs
